Archive member included to satisfy reference by file (symbol)

c:/ac6/systemworkbench/plugins/fr.ac6.mcu.externaltools.arm-none.win32_1.17.0.201812190825/tools/compiler/bin/../lib/gcc/arm-none-eabi/7.3.1/thumb/v7e-m/fpv4-sp/hard\libgcc.a(_arm_addsubdf3.o)
                              Src/stm32f4_discovery_lcd.o (__aeabi_ui2d)
c:/ac6/systemworkbench/plugins/fr.ac6.mcu.externaltools.arm-none.win32_1.17.0.201812190825/tools/compiler/bin/../lib/gcc/arm-none-eabi/7.3.1/thumb/v7e-m/fpv4-sp/hard\libgcc.a(_arm_cmpdf2.o)
                              Src/stm32f4_discovery_lcd.o (__aeabi_dcmplt)
c:/ac6/systemworkbench/plugins/fr.ac6.mcu.externaltools.arm-none.win32_1.17.0.201812190825/tools/compiler/bin/../lib/gcc/arm-none-eabi/7.3.1/../../../../arm-none-eabi/lib/thumb/v7e-m/fpv4-sp/hard\libc_nano.a(lib_a-exit.o)
                              c:/ac6/systemworkbench/plugins/fr.ac6.mcu.externaltools.arm-none.win32_1.17.0.201812190825/tools/compiler/bin/../lib/gcc/arm-none-eabi/7.3.1/../../../../arm-none-eabi/lib/thumb/v7e-m/fpv4-sp/hard/crt0.o (exit)
c:/ac6/systemworkbench/plugins/fr.ac6.mcu.externaltools.arm-none.win32_1.17.0.201812190825/tools/compiler/bin/../lib/gcc/arm-none-eabi/7.3.1/../../../../arm-none-eabi/lib/thumb/v7e-m/fpv4-sp/hard\libc_nano.a(lib_a-impure.o)
                              c:/ac6/systemworkbench/plugins/fr.ac6.mcu.externaltools.arm-none.win32_1.17.0.201812190825/tools/compiler/bin/../lib/gcc/arm-none-eabi/7.3.1/../../../../arm-none-eabi/lib/thumb/v7e-m/fpv4-sp/hard\libc_nano.a(lib_a-exit.o) (_global_impure_ptr)
c:/ac6/systemworkbench/plugins/fr.ac6.mcu.externaltools.arm-none.win32_1.17.0.201812190825/tools/compiler/bin/../lib/gcc/arm-none-eabi/7.3.1/../../../../arm-none-eabi/lib/thumb/v7e-m/fpv4-sp/hard\libc_nano.a(lib_a-init.o)
                              c:/ac6/systemworkbench/plugins/fr.ac6.mcu.externaltools.arm-none.win32_1.17.0.201812190825/tools/compiler/bin/../lib/gcc/arm-none-eabi/7.3.1/../../../../arm-none-eabi/lib/thumb/v7e-m/fpv4-sp/hard/crt0.o (__libc_init_array)
c:/ac6/systemworkbench/plugins/fr.ac6.mcu.externaltools.arm-none.win32_1.17.0.201812190825/tools/compiler/bin/../lib/gcc/arm-none-eabi/7.3.1/../../../../arm-none-eabi/lib/thumb/v7e-m/fpv4-sp/hard\libc_nano.a(lib_a-memset.o)
                              c:/ac6/systemworkbench/plugins/fr.ac6.mcu.externaltools.arm-none.win32_1.17.0.201812190825/tools/compiler/bin/../lib/gcc/arm-none-eabi/7.3.1/../../../../arm-none-eabi/lib/thumb/v7e-m/fpv4-sp/hard/crt0.o (memset)
c:/ac6/systemworkbench/plugins/fr.ac6.mcu.externaltools.arm-none.win32_1.17.0.201812190825/tools/compiler/bin/../lib/gcc/arm-none-eabi/7.3.1/../../../../arm-none-eabi/lib/thumb/v7e-m/fpv4-sp/hard\libc_nano.a(lib_a-sprintf.o)
                              Src/bmp.o (sprintf)
c:/ac6/systemworkbench/plugins/fr.ac6.mcu.externaltools.arm-none.win32_1.17.0.201812190825/tools/compiler/bin/../lib/gcc/arm-none-eabi/7.3.1/../../../../arm-none-eabi/lib/thumb/v7e-m/fpv4-sp/hard\libc_nano.a(lib_a-nano-svfprintf.o)
                              c:/ac6/systemworkbench/plugins/fr.ac6.mcu.externaltools.arm-none.win32_1.17.0.201812190825/tools/compiler/bin/../lib/gcc/arm-none-eabi/7.3.1/../../../../arm-none-eabi/lib/thumb/v7e-m/fpv4-sp/hard\libc_nano.a(lib_a-sprintf.o) (_svfprintf_r)
c:/ac6/systemworkbench/plugins/fr.ac6.mcu.externaltools.arm-none.win32_1.17.0.201812190825/tools/compiler/bin/../lib/gcc/arm-none-eabi/7.3.1/../../../../arm-none-eabi/lib/thumb/v7e-m/fpv4-sp/hard\libc_nano.a(lib_a-nano-vfprintf_i.o)
                              c:/ac6/systemworkbench/plugins/fr.ac6.mcu.externaltools.arm-none.win32_1.17.0.201812190825/tools/compiler/bin/../lib/gcc/arm-none-eabi/7.3.1/../../../../arm-none-eabi/lib/thumb/v7e-m/fpv4-sp/hard\libc_nano.a(lib_a-nano-svfprintf.o) (_printf_i)
c:/ac6/systemworkbench/plugins/fr.ac6.mcu.externaltools.arm-none.win32_1.17.0.201812190825/tools/compiler/bin/../lib/gcc/arm-none-eabi/7.3.1/../../../../arm-none-eabi/lib/thumb/v7e-m/fpv4-sp/hard\libc_nano.a(lib_a-memchr.o)
                              c:/ac6/systemworkbench/plugins/fr.ac6.mcu.externaltools.arm-none.win32_1.17.0.201812190825/tools/compiler/bin/../lib/gcc/arm-none-eabi/7.3.1/../../../../arm-none-eabi/lib/thumb/v7e-m/fpv4-sp/hard\libc_nano.a(lib_a-nano-svfprintf.o) (memchr)
c:/ac6/systemworkbench/plugins/fr.ac6.mcu.externaltools.arm-none.win32_1.17.0.201812190825/tools/compiler/bin/../lib/gcc/arm-none-eabi/7.3.1/../../../../arm-none-eabi/lib/thumb/v7e-m/fpv4-sp/hard\libc_nano.a(lib_a-memcpy-stub.o)
                              c:/ac6/systemworkbench/plugins/fr.ac6.mcu.externaltools.arm-none.win32_1.17.0.201812190825/tools/compiler/bin/../lib/gcc/arm-none-eabi/7.3.1/../../../../arm-none-eabi/lib/thumb/v7e-m/fpv4-sp/hard\libc_nano.a(lib_a-nano-svfprintf.o) (memcpy)
c:/ac6/systemworkbench/plugins/fr.ac6.mcu.externaltools.arm-none.win32_1.17.0.201812190825/tools/compiler/bin/../lib/gcc/arm-none-eabi/7.3.1/../../../../arm-none-eabi/lib/thumb/v7e-m/fpv4-sp/hard\libc_nano.a(lib_a-memmove.o)
[...]
Memory Configuration

Name             Origin             Length             Attributes
RAM              0x20000000         0x00020000         xrw
CCMRAM           0x10000000         0x00010000         rw
FLASH            0x08000000         0x00100000         xr
*default*        0x00000000         0xffffffff

Linker script and memory map

LOAD c:/ac6/systemworkbench/plugins/fr.ac6.mcu.externaltools.arm-none.win32_1.17.0.201812190825/tools/compiler/bin/../lib/gcc/arm-none-eabi/7.3.1/thumb/v7e-m/fpv4-sp/hard/crti.o
LOAD c:/ac6/systemworkbench/plugins/fr.ac6.mcu.externaltools.arm-none.win32_1.17.0.201812190825/tools/compiler/bin/../lib/gcc/arm-none-eabi/7.3.1/thumb/v7e-m/fpv4-sp/hard/crtbegin.o
LOAD c:/ac6/systemworkbench/plugins/fr.ac6.mcu.externaltools.arm-none.win32_1.17.0.201812190825/tools/compiler/bin/../lib/gcc/arm-none-eabi/7.3.1/../../../../arm-none-eabi/lib/thumb/v7e-m/fpv4-sp/hard/crt0.o
LOAD Src/bmp.o
LOAD Src/dcmi_ov9655.o
LOAD Src/diskio.o
LOAD Src/ff.o
LOAD Src/fonts.o
LOAD Src/main.o
LOAD Src/misc.o
LOAD Src/stm32f4_discovery.o
LOAD Src/stm32f4_discovery_lcd.o
LOAD Src/stm32f4_discovery_lis302dl.o
LOAD Src/stm32f4_discovery_sdio_sd.o
LOAD Src/stm32f4xx_adc.o
LOAD Src/stm32f4xx_can.o
LOAD Src/stm32f4xx_crc.o
LOAD Src/stm32f4xx_cryp.o
LOAD Src/stm32f4xx_dac.o
LOAD Src/stm32f4xx_dbgmcu.o
LOAD Src/stm32f4xx_dcmi.o
LOAD Src/stm32f4xx_dma.o
LOAD Src/stm32f4xx_exti.o
LOAD Src/stm32f4xx_flash.o
LOAD Src/stm32f4xx_fsmc.o
LOAD Src/stm32f4xx_gpio.o
LOAD Src/stm32f4xx_hash.o
LOAD Src/stm32f4xx_i2c.o
LOAD Src/stm32f4xx_it.o
LOAD Src/stm32f4xx_iwdg.o
LOAD Src/stm32f4xx_pwr.o
LOAD Src/stm32f4xx_rcc.o
LOAD Src/stm32f4xx_rng.o
LOAD Src/stm32f4xx_rtc.o
LOAD Src/stm32f4xx_sdio.o
LOAD Src/stm32f4xx_spi.o
LOAD Src/stm32f4xx_syscfg.o
LOAD Src/stm32f4xx_tim.o
LOAD Src/stm32f4xx_usart.o
LOAD Src/stm32f4xx_wwdg.o
LOAD Src/system_stm32f4xx.o
LOAD startup/startup_stm32f407xx.o
LOAD c:/ac6/systemworkbench/plugins/fr.ac6.mcu.externaltools.arm-none.win32_1.17.0.201812190825/tools/compiler/bin/../lib/gcc/arm-none-eabi/7.3.1/../../../../arm-none-eabi/lib/thumb/v7e-m/fpv4-sp/hard\libm.a
START GROUP
LOAD c:/ac6/systemworkbench/plugins/fr.ac6.mcu.externaltools.arm-none.win32_1.17.0.201812190825/tools/compiler/bin/../lib/gcc/arm-none-eabi/7.3.1/thumb/v7e-m/fpv4-sp/hard\libgcc.a
LOAD c:/ac6/systemworkbench/plugins/fr.ac6.mcu.externaltools.arm-none.win32_1.17.0.201812190825/tools/compiler/bin/../lib/gcc/arm-none-eabi/7.3.1/../../../../arm-none-eabi/lib/thumb/v7e-m/fpv4-sp/hard\libc_nano.a
END GROUP
START GROUP
LOAD c:/ac6/systemworkbench/plugins/fr.ac6.mcu.externaltools.arm-none.win32_1.17.0.201812190825/tools/compiler/bin/../lib/gcc/arm-none-eabi/7.3.1/thumb/v7e-m/fpv4-sp/hard\libgcc.a
LOAD c:/ac6/systemworkbench/plugins/fr.ac6.mcu.externaltools.arm-none.win32_1.17.0.201812190825/tools/compiler/bin/../lib/gcc/arm-none-eabi/7.3.1/../../../../arm-none-eabi/lib/thumb/v7e-m/fpv4-sp/hard\libc_nano.a
LOAD c:/ac6/systemworkbench/plugins/fr.ac6.mcu.externaltools.arm-none.win32_1.17.0.201812190825/tools/compiler/bin/../lib/gcc/arm-none-eabi/7.3.1/../../../../arm-none-eabi/lib/thumb/v7e-m/fpv4-sp/hard\libnosys.a
END GROUP
START GROUP
LOAD c:/ac6/systemworkbench/plugins/fr.ac6.mcu.externaltools.arm-none.win32_1.17.0.201812190825/tools/compiler/bin/../lib/gcc/arm-none-eabi/7.3.1/thumb/v7e-m/fpv4-sp/hard\libgcc.a
LOAD c:/ac6/systemworkbench/plugins/fr.ac6.mcu.externaltools.arm-none.win32_1.17.0.201812190825/tools/compiler/bin/../lib/gcc/arm-none-eabi/7.3.1/../../../../arm-none-eabi/lib/thumb/v7e-m/fpv4-sp/hard\libc_nano.a
LOAD c:/ac6/systemworkbench/plugins/fr.ac6.mcu.externaltools.arm-none.win32_1.17.0.201812190825/tools/compiler/bin/../lib/gcc/arm-none-eabi/7.3.1/../../../../arm-none-eabi/lib/thumb/v7e-m/fpv4-sp/hard\libnosys.a
END GROUP
LOAD c:/ac6/systemworkbench/plugins/fr.ac6.mcu.externaltools.arm-none.win32_1.17.0.201812190825/tools/compiler/bin/../lib/gcc/arm-none-eabi/7.3.1/thumb/v7e-m/fpv4-sp/hard/crtend.o
LOAD c:/ac6/systemworkbench/plugins/fr.ac6.mcu.externaltools.arm-none.win32_1.17.0.201812190825/tools/compiler/bin/../lib/gcc/arm-none-eabi/7.3.1/thumb/v7e-m/fpv4-sp/hard/crtn.o
                0x20020000                _estack = 0x20020000
                0x00000200                _Min_Heap_Size = 0x200
                0x00000400                _Min_Stack_Size = 0x400

.isr_vector     0x08000000      0x188
                0x08000000                . = ALIGN (0x4)
 *(.isr_vector)
 .isr_vector    0x08000000      0x188 startup/startup_stm32f407xx.o
                0x08000000                g_pfnVectors
                0x08000188                . = ALIGN (0x4)

.text           0x08000190     0x548c
                0x08000190                . = ALIGN (0x4)
 *(.text)
 .text          0x08000190       0x40 c:/ac6/systemworkbench/plugins/fr.ac6.mcu.externaltools.arm-none.win32_1.17.0.201812190825/tools/compiler/bin/../lib/gcc/arm-none-eabi/7.3.1/thumb/v7e-m/fpv4-sp/hard/crtbegin.o
 .text          0x080001d0       0xa0 c:/ac6/systemworkbench/plugins/fr.ac6.mcu.externaltools.arm-none.win32_1.17.0.201812190825/tools/compiler/bin/../lib/gcc/arm-none-eabi/7.3.1/../../../../arm-none-eabi/lib/thumb/v7e-m/fpv4-sp/hard\libc_nano.a(lib_a-memchr.o)
                0x080001d0                memchr
 *(.text*)
 .text.set_pic_count
                0x08000270       0x70 Src/bmp.o
 .text.get_pic_count
                0x080002e0       0xa8 Src/bmp.o
 .text.Capture_Image_TO_Bmp
                0x08000388       0xd8 Src/bmp.o
                0x08000388                Capture_Image_TO_Bmp
 .text.init_picture_count
                0x08000460       0x10 Src/bmp.o
                0x08000460                init_picture_count
 .text.DCMI_Control_IO_Init
                0x08000470       0x74 Src/dcmi_ov9655.o
                0x08000470                DCMI_Control_IO_Init
 .text.DCMI_SingleRandomWrite
                0x080004e4       0xb0 Src/dcmi_ov9655.o
                0x080004e4                DCMI_SingleRandomWrite
 .text.DCMI_OV9655_QVGASizeSetup
                0x08000594      0x956 Src/dcmi_ov9655.o
                0x08000594                DCMI_OV9655_QVGASizeSetup
 .text.disk_initialize
                0x08000eea       0x3a Src/diskio.o
                0x08000eea                disk_initialize
 .text.disk_status
                0x08000f24        0xa Src/diskio.o
                0x08000f24                disk_status
 .text.disk_read
                0x08000f2e       0x24 Src/diskio.o
                0x08000f2e                disk_read
 .text.disk_write
                0x08000f52       0x24 Src/diskio.o
                0x08000f52                disk_write
 *fill*         0x08000f76        0x2 
 .text.get_fattime
                0x08000f78        0x8 Src/diskio.o
                0x08000f78                get_fattime
 .text.disk_ioctl
                0x08000f80       0x26 Src/diskio.o
                0x08000f80                disk_ioctl
 .text.mem_cpy  0x08000fa6       0x14 Src/ff.o
 .text.mem_set  0x08000fba       0x10 Src/ff.o
 .text.mem_cmp  0x08000fca       0x22 Src/ff.o
 .text.chk_chr  0x08000fec       0x10 Src/ff.o
 .text.create_name
                0x08000ffc      0x14c Src/ff.o
 .text.move_window
                0x08001148       0x78 Src/ff.o
 .text.check_fs
                0x080011c0       0x8c Src/ff.o
 .text.validate
                0x0800124c       0x2e Src/ff.o
 *fill*         0x0800127a        0x2 
 .text.chk_mounted
                0x0800127c      0x344 Src/ff.o
 .text.sync     0x080015c0       0xbc Src/ff.o
 .text.clust2sect
                0x0800167c       0x18 Src/ff.o
                0x0800167c                clust2sect
 .text.get_fat  0x08001694       0xec Src/ff.o
                0x08001694                get_fat
 .text.dir_sdi  0x08001780       0x96 Src/ff.o
 .text.put_fat  0x08001816      0x11e Src/ff.o
                0x08001816                put_fat
 .text.create_chain
                0x08001934       0xb2 Src/ff.o
 .text.dir_next
                0x080019e6      0x10a Src/ff.o
 .text.dir_find
                0x08001af0       0x4e Src/ff.o
 .text.follow_path
                0x08001b3e       0x8a Src/ff.o
 .text.dir_register
                0x08001bc8       0x64 Src/ff.o
 .text.remove_chain
                0x08001c2c       0x64 Src/ff.o
 .text.f_mount  0x08001c90       0x28 Src/ff.o
                0x08001c90                f_mount
 .text.f_open   0x08001cb8      0x166 Src/ff.o
                0x08001cb8                f_open
 .text.f_read   0x08001e1e      0x1b2 Src/ff.o
                0x08001e1e                f_read
 .text.f_write  0x08001fd0      0x1ea Src/ff.o
                0x08001fd0                f_write
 .text.f_sync   0x080021ba       0xac Src/ff.o
                0x080021ba                f_sync
 .text.f_close  0x08002266       0x14 Src/ff.o
                0x08002266                f_close
 *fill*         0x0800227a        0x2 
 .text.I2C1_Config
                0x0800227c       0x9c Src/main.o
                0x0800227c                I2C1_Config
 .text.DCMI_Config
                0x08002318      0x184 Src/main.o
                0x08002318                DCMI_Config
 .text.DCMI_OV9655Config
                0x0800249c       0x42 Src/main.o
                0x0800249c                DCMI_OV9655Config
 .text.LIS302DL_TIMEOUT_UserCallback
                0x080024de        0x2 Src/main.o
                0x080024de                LIS302DL_TIMEOUT_UserCallback
 .text.EXTILine0_Config
                0x080024e0       0x64 Src/main.o
                0x080024e0                EXTILine0_Config
 .text.Delay    0x08002544       0x14 Src/main.o
                0x08002544                Delay
 .text.LIS302DL_Reset
                0x08002558       0x58 Src/main.o
                0x08002558                LIS302DL_Reset
 .text.main     0x080025b0      0x160 Src/main.o
                0x080025b0                main
 .text.TimingDelay_Decrement
                0x08002710       0x14 Src/main.o
                0x08002710                TimingDelay_Decrement
 .text.NVIC_PriorityGroupConfig
                0x08002724       0x14 Src/misc.o
                0x08002724                NVIC_PriorityGroupConfig
 .text.NVIC_Init
                0x08002738       0x64 Src/misc.o
                0x08002738                NVIC_Init
 .text.SD_LowLevel_Init
                0x0800279c       0xc8 Src/stm32f4_discovery.o
                0x0800279c                SD_LowLevel_Init
 .text.SD_LowLevel_DMA_TxConfig
                0x08002864       0x94 Src/stm32f4_discovery.o
                0x08002864                SD_LowLevel_DMA_TxConfig
 .text.SD_LowLevel_DMA_RxConfig
                0x080028f8       0x90 Src/stm32f4_discovery.o
                0x080028f8                SD_LowLevel_DMA_RxConfig
 .text.delay    0x08002988       0x26 Src/stm32f4_discovery_lcd.o
 *fill*         0x080029ae        0x2 
 .text.LCD_CtrlLinesConfig
                0x080029b0      0x170 Src/stm32f4_discovery_lcd.o
                0x080029b0                LCD_CtrlLinesConfig
 .text.LCD_FSMCConfig
                0x08002b20       0x5a Src/stm32f4_discovery_lcd.o
                0x08002b20                LCD_FSMCConfig
 .text.LCD_WriteReg
                0x08002b7a        0xe Src/stm32f4_discovery_lcd.o
                0x08002b7a                LCD_WriteReg
 .text.LCD_SetCursor
                0x08002b88       0x16 Src/stm32f4_discovery_lcd.o
                0x08002b88                LCD_SetCursor
 .text.LCD_WriteRAM_Prepare
                0x08002b9e        0xa Src/stm32f4_discovery_lcd.o
                0x08002b9e                LCD_WriteRAM_Prepare
 .text.LCD_WriteRAM
                0x08002ba8        0xc Src/stm32f4_discovery_lcd.o
                0x08002ba8                LCD_WriteRAM
 .text.LCD_ReadRAM
                0x08002bb4        0xc Src/stm32f4_discovery_lcd.o
                0x08002bb4                LCD_ReadRAM
 .text.LCD_SetTextColor
                0x08002bc0       0x18 Src/stm32f4_discovery_lcd.o
                0x08002bc0                LCD_SetTextColor
 .text.LCD_SetFont
                0x08002bd8        0xc Src/stm32f4_discovery_lcd.o
                0x08002bd8                LCD_SetFont
 .text.STM32f4_Discovery_LCD_Init
                0x08002be4      0x164 Src/stm32f4_discovery_lcd.o
                0x08002be4                STM32f4_Discovery_LCD_Init
 .text.LCD_GetFont
                0x08002d48        0xc Src/stm32f4_discovery_lcd.o
                0x08002d48                LCD_GetFont
 .text.LCD_Clear
                0x08002d54       0x28 Src/stm32f4_discovery_lcd.o
                0x08002d54                LCD_Clear
 .text.LCD_DrawChar
                0x08002d7c       0x90 Src/stm32f4_discovery_lcd.o
                0x08002d7c                LCD_DrawChar
 .text.LCD_DisplayChar
                0x08002e0c       0x20 Src/stm32f4_discovery_lcd.o
                0x08002e0c                LCD_DisplayChar
 .text.LCD_DisplayStringLine
                0x08002e2c       0x30 Src/stm32f4_discovery_lcd.o
                0x08002e2c                LCD_DisplayStringLine
 .text.LCD_SetDisplayWindow
                0x08002e5c       0x52 Src/stm32f4_discovery_lcd.o
                0x08002e5c                LCD_SetDisplayWindow
 *fill*         0x08002eae        0x2 
 .text.LIS302DL_LowLevel_Init
                0x08002eb0      0x130 Src/stm32f4_discovery_lis302dl.o
 .text.LIS302DL_SendByte
                0x08002fe0       0x6c Src/stm32f4_discovery_lis302dl.o
 .text.LIS302DL_Write
                0x0800304c       0x40 Src/stm32f4_discovery_lis302dl.o
                0x0800304c                LIS302DL_Write
 .text.LIS302DL_Init
                0x0800308c       0x34 Src/stm32f4_discovery_lis302dl.o
                0x0800308c                LIS302DL_Init
 .text.LIS302DL_Read
                0x080030c0       0x44 Src/stm32f4_discovery_lis302dl.o
                0x080030c0                LIS302DL_Read
 .text.LIS302DL_InterruptConfig
                0x08003104       0x34 Src/stm32f4_discovery_lis302dl.o
                0x08003104                LIS302DL_InterruptConfig
 .text.CmdError
                0x08003138       0x26 Src/stm32f4_discovery_sdio_sd.o
 *fill*         0x0800315e        0x2 
 .text.CmdResp7Error
                0x08003160       0x44 Src/stm32f4_discovery_sdio_sd.o
 .text.CmdResp3Error
                0x080031a4       0x34 Src/stm32f4_discovery_sdio_sd.o
 .text.CmdResp2Error
                0x080031d8       0x44 Src/stm32f4_discovery_sdio_sd.o
 .text.CmdResp1Error
                0x0800321c      0x120 Src/stm32f4_discovery_sdio_sd.o
 .text.CmdResp6Error
                0x0800333c       0x84 Src/stm32f4_discovery_sdio_sd.o
 .text.FindSCR  0x080033c0      0x168 Src/stm32f4_discovery_sdio_sd.o
 .text.SDEnWideBus
                0x08003528       0xf4 Src/stm32f4_discovery_sdio_sd.o
 .text.SD_Detect
                0x0800361c       0x2c Src/stm32f4_discovery_sdio_sd.o
                0x0800361c                SD_Detect
 .text.SD_PowerON
                0x08003648      0x1a4 Src/stm32f4_discovery_sdio_sd.o
                0x08003648                SD_PowerON
 .text.SD_InitializeCards
                0x080037ec      0x104 Src/stm32f4_discovery_sdio_sd.o
                0x080037ec                SD_InitializeCards
 .text.SD_GetCardInfo
                0x080038f0      0x26c Src/stm32f4_discovery_sdio_sd.o
                0x080038f0                SD_GetCardInfo
 .text.SD_EnableWideBusOperation
                0x08003b5c       0x78 Src/stm32f4_discovery_sdio_sd.o
                0x08003b5c                SD_EnableWideBusOperation
 .text.SD_SelectDeselect
                0x08003bd4       0x2c Src/stm32f4_discovery_sdio_sd.o
                0x08003bd4                SD_SelectDeselect
 .text.SD_Init  0x08003c00       0xa0 Src/stm32f4_discovery_sdio_sd.o
                0x08003c00                SD_Init
 .text.SD_ReadMultiBlocks
                0x08003ca0       0xc8 Src/stm32f4_discovery_sdio_sd.o
                0x08003ca0                SD_ReadMultiBlocks
 .text.SD_WriteMultiBlocks
                0x08003d68      0x118 Src/stm32f4_discovery_sdio_sd.o
                0x08003d68                SD_WriteMultiBlocks
 .text.SD_StopTransfer
                0x08003e80       0x28 Src/stm32f4_discovery_sdio_sd.o
                0x08003e80                SD_StopTransfer
 .text.SD_WaitReadOperation
                0x08003ea8       0x78 Src/stm32f4_discovery_sdio_sd.o
                0x08003ea8                SD_WaitReadOperation
 .text.SD_WaitWriteOperation
                0x08003f20       0x78 Src/stm32f4_discovery_sdio_sd.o
                0x08003f20                SD_WaitWriteOperation
 .text.SD_SendStatus
                0x08003f98       0x48 Src/stm32f4_discovery_sdio_sd.o
                0x08003f98                SD_SendStatus
 .text.SD_GetState
                0x08003fe0       0x2c Src/stm32f4_discovery_sdio_sd.o
                0x08003fe0                SD_GetState
 .text.SD_GetStatus
                0x0800400c       0x1a Src/stm32f4_discovery_sdio_sd.o
                0x0800400c                SD_GetStatus
 *fill*         0x08004026        0x2 
 .text.SD_ProcessIRQSrc
                0x08004028       0xb4 Src/stm32f4_discovery_sdio_sd.o
                0x08004028                SD_ProcessIRQSrc
 .text.SD_ProcessDMAIRQ
                0x080040dc       0x2c Src/stm32f4_discovery_sdio_sd.o
                0x080040dc                SD_ProcessDMAIRQ
 .text.DCMI_Init
                0x08004108       0x44 Src/stm32f4xx_dcmi.o
                0x08004108                DCMI_Init
 .text.DCMI_Cmd
                0x0800414c       0x20 Src/stm32f4xx_dcmi.o
                0x0800414c                DCMI_Cmd
 .text.DCMI_CaptureCmd
                0x0800416c       0x20 Src/stm32f4xx_dcmi.o
                0x0800416c                DCMI_CaptureCmd
 .text.DMA_DeInit
                0x0800418c      0x158 Src/stm32f4xx_dma.o
                0x0800418c                DMA_DeInit
 .text.DMA_Init
                0x080042e4       0x58 Src/stm32f4xx_dma.o
                0x080042e4                DMA_Init
 .text.DMA_Cmd  0x0800433c       0x16 Src/stm32f4xx_dma.o
                0x0800433c                DMA_Cmd
 .text.DMA_FlowControllerConfig
                0x08004352       0x16 Src/stm32f4xx_dma.o
                0x08004352                DMA_FlowControllerConfig
 .text.DMA_ClearFlag
                0x08004368       0x34 Src/stm32f4xx_dma.o
                0x08004368                DMA_ClearFlag
 .text.DMA_ITConfig
                0x0800439c       0x3a Src/stm32f4xx_dma.o
                0x0800439c                DMA_ITConfig
 *fill*         0x080043d6        0x2 
 .text.EXTI_Init
                0x080043d8       0x90 Src/stm32f4xx_exti.o
                0x080043d8                EXTI_Init
 .text.EXTI_GetITStatus
                0x08004468       0x20 Src/stm32f4xx_exti.o
                0x08004468                EXTI_GetITStatus
 .text.EXTI_ClearITPendingBit
                0x08004488        0xc Src/stm32f4xx_exti.o
                0x08004488                EXTI_ClearITPendingBit
 .text.FSMC_NORSRAMInit
                0x08004494       0xc4 Src/stm32f4xx_fsmc.o
                0x08004494                FSMC_NORSRAMInit
 .text.FSMC_NORSRAMCmd
                0x08004558       0x2c Src/stm32f4xx_fsmc.o
                0x08004558                FSMC_NORSRAMCmd
 .text.GPIO_Init
                0x08004584       0x8a Src/stm32f4xx_gpio.o
                0x08004584                GPIO_Init
 .text.GPIO_ReadInputDataBit
                0x0800460e        0xe Src/stm32f4xx_gpio.o
                0x0800460e                GPIO_ReadInputDataBit
 .text.GPIO_SetBits
                0x0800461c        0x4 Src/stm32f4xx_gpio.o
                0x0800461c                GPIO_SetBits
 .text.GPIO_ResetBits
                0x08004620        0x4 Src/stm32f4xx_gpio.o
                0x08004620                GPIO_ResetBits
 .text.GPIO_PinAFConfig
                0x08004624       0x2e Src/stm32f4xx_gpio.o
                0x08004624                GPIO_PinAFConfig
 *fill*         0x08004652        0x2 
 .text.I2C_DeInit
                0x08004654       0x64 Src/stm32f4xx_i2c.o
                0x08004654                I2C_DeInit
 .text.I2C_Init
                0x080046b8       0xd4 Src/stm32f4xx_i2c.o
                0x080046b8                I2C_Init
 .text.I2C_Cmd  0x0800478c       0x1a Src/stm32f4xx_i2c.o
                0x0800478c                I2C_Cmd
 .text.I2C_GenerateSTART
                0x080047a6       0x1a Src/stm32f4xx_i2c.o
                0x080047a6                I2C_GenerateSTART
 .text.I2C_GenerateSTOP
                0x080047c0       0x1a Src/stm32f4xx_i2c.o
                0x080047c0                I2C_GenerateSTOP
 .text.I2C_Send7bitAddress
                0x080047da       0x12 Src/stm32f4xx_i2c.o
                0x080047da                I2C_Send7bitAddress
 .text.I2C_SendData
                0x080047ec        0x4 Src/stm32f4xx_i2c.o
                0x080047ec                I2C_SendData
 .text.I2C_CheckEvent
                0x080047f0       0x1a Src/stm32f4xx_i2c.o
                0x080047f0                I2C_CheckEvent
 .text.NMI_Handler
                0x0800480a        0x2 Src/stm32f4xx_it.o
                0x0800480a                NMI_Handler
 .text.HardFault_Handler
                0x0800480c        0x2 Src/stm32f4xx_it.o
                0x0800480c                HardFault_Handler
 .text.MemManage_Handler
                0x0800480e        0x2 Src/stm32f4xx_it.o
                0x0800480e                MemManage_Handler
 .text.BusFault_Handler
                0x08004810        0x2 Src/stm32f4xx_it.o
                0x08004810                BusFault_Handler
 .text.UsageFault_Handler
                0x08004812        0x2 Src/stm32f4xx_it.o
                0x08004812                UsageFault_Handler
 .text.SVC_Handler
                0x08004814        0x2 Src/stm32f4xx_it.o
                0x08004814                SVC_Handler
 .text.DebugMon_Handler
                0x08004816        0x2 Src/stm32f4xx_it.o
                0x08004816                DebugMon_Handler
 .text.PendSV_Handler
                0x08004818        0x2 Src/stm32f4xx_it.o
                0x08004818                PendSV_Handler
 .text.SysTick_Handler
                0x0800481a        0x8 Src/stm32f4xx_it.o
                0x0800481a                SysTick_Handler
 .text.SDIO_IRQHandler
                0x08004822        0x8 Src/stm32f4xx_it.o
                0x08004822                SDIO_IRQHandler
 .text.DMA2_Stream3_IRQHandler
                0x0800482a        0x8 Src/stm32f4xx_it.o
                0x0800482a                DMA2_Stream3_IRQHandler
 *fill*         0x08004832        0x2 
 .text.EXTI0_IRQHandler
                0x08004834       0x20 Src/stm32f4xx_it.o
                0x08004834                EXTI0_IRQHandler
 .text.RCC_GetClocksFreq
                0x08004854       0xb8 Src/stm32f4xx_rcc.o
                0x08004854                RCC_GetClocksFreq
 .text.RCC_AHB1PeriphClockCmd
                0x0800490c       0x1c Src/stm32f4xx_rcc.o
                0x0800490c                RCC_AHB1PeriphClockCmd
 .text.RCC_AHB2PeriphClockCmd
                0x08004928       0x1c Src/stm32f4xx_rcc.o
                0x08004928                RCC_AHB2PeriphClockCmd
 .text.RCC_AHB3PeriphClockCmd
                0x08004944       0x1c Src/stm32f4xx_rcc.o
                0x08004944                RCC_AHB3PeriphClockCmd
 .text.RCC_APB1PeriphClockCmd
                0x08004960       0x1c Src/stm32f4xx_rcc.o
                0x08004960                RCC_APB1PeriphClockCmd
 .text.RCC_APB2PeriphClockCmd
                0x0800497c       0x1c Src/stm32f4xx_rcc.o
                0x0800497c                RCC_APB2PeriphClockCmd
 .text.RCC_APB1PeriphResetCmd
                0x08004998       0x1c Src/stm32f4xx_rcc.o
                0x08004998                RCC_APB1PeriphResetCmd
 .text.RCC_APB2PeriphResetCmd
                0x080049b4       0x1c Src/stm32f4xx_rcc.o
                0x080049b4                RCC_APB2PeriphResetCmd
 .text.SDIO_DeInit
                0x080049d0       0x18 Src/stm32f4xx_sdio.o
                0x080049d0                SDIO_DeInit
 .text.SDIO_Init
                0x080049e8       0x34 Src/stm32f4xx_sdio.o
                0x080049e8                SDIO_Init
 .text.SDIO_ClockCmd
                0x08004a1c        0xc Src/stm32f4xx_sdio.o
                0x08004a1c                SDIO_ClockCmd
 .text.SDIO_SetPowerState
                0x08004a28        0xc Src/stm32f4xx_sdio.o
                0x08004a28                SDIO_SetPowerState
 .text.SDIO_GetPowerState
                0x08004a34       0x10 Src/stm32f4xx_sdio.o
                0x08004a34                SDIO_GetPowerState
 .text.SDIO_SendCommand
                0x08004a44       0x30 Src/stm32f4xx_sdio.o
                0x08004a44                SDIO_SendCommand
 .text.SDIO_GetCommandResponse
                0x08004a74        0xc Src/stm32f4xx_sdio.o
                0x08004a74                SDIO_GetCommandResponse
 .text.SDIO_GetResponse
                0x08004a80       0x18 Src/stm32f4xx_sdio.o
                0x08004a80                SDIO_GetResponse
 .text.SDIO_DataConfig
                0x08004a98       0x30 Src/stm32f4xx_sdio.o
                0x08004a98                SDIO_DataConfig
 .text.SDIO_ReadData
                0x08004ac8        0xc Src/stm32f4xx_sdio.o
                0x08004ac8                SDIO_ReadData
 .text.SDIO_DMACmd
                0x08004ad4        0xc Src/stm32f4xx_sdio.o
                0x08004ad4                SDIO_DMACmd
 .text.SDIO_ITConfig
                0x08004ae0       0x1c Src/stm32f4xx_sdio.o
                0x08004ae0                SDIO_ITConfig
 .text.SDIO_GetFlagStatus
                0x08004afc       0x14 Src/stm32f4xx_sdio.o
                0x08004afc                SDIO_GetFlagStatus
 .text.SDIO_ClearFlag
                0x08004b10        0xc Src/stm32f4xx_sdio.o
                0x08004b10                SDIO_ClearFlag
 .text.SDIO_GetITStatus
                0x08004b1c       0x14 Src/stm32f4xx_sdio.o
                0x08004b1c                SDIO_GetITStatus
 .text.SDIO_ClearITPendingBit
                0x08004b30        0xc Src/stm32f4xx_sdio.o
                0x08004b30                SDIO_ClearITPendingBit
 .text.SPI_I2S_DeInit
                0x08004b3c       0x64 Src/stm32f4xx_spi.o
                0x08004b3c                SPI_I2S_DeInit
 .text.SPI_Init
                0x08004ba0       0x4c Src/stm32f4xx_spi.o
                0x08004ba0                SPI_Init
 .text.SPI_Cmd  0x08004bec       0x1a Src/stm32f4xx_spi.o
                0x08004bec                SPI_Cmd
 .text.SPI_I2S_ReceiveData
                0x08004c06        0x4 Src/stm32f4xx_spi.o
                0x08004c06                SPI_I2S_ReceiveData
 .text.SPI_I2S_SendData
                0x08004c0a        0x4 Src/stm32f4xx_spi.o
                0x08004c0a                SPI_I2S_SendData
 .text.SPI_I2S_GetFlagStatus
                0x08004c0e        0xe Src/stm32f4xx_spi.o
                0x08004c0e                SPI_I2S_GetFlagStatus
 .text.SetSysClock
                0x08004c1c       0xc4 Src/system_stm32f4xx.o
 .text.SystemInit
                0x08004ce0       0x50 Src/system_stm32f4xx.o
                0x08004ce0                SystemInit
 .text.Reset_Handler
                0x08004d30       0x50 startup/startup_stm32f407xx.o
                0x08004d30                Reset_Handler
 .text.Default_Handler
                0x08004d80        0x2 startup/startup_stm32f407xx.o
                0x08004d80                RTC_Alarm_IRQHandler
                0x08004d80                HASH_RNG_IRQHandler
                0x08004d80                EXTI2_IRQHandler
                0x08004d80                TIM8_CC_IRQHandler
                0x08004d80                TIM1_CC_IRQHandler
                0x08004d80                DMA2_Stream5_IRQHandler
                0x08004d80                DMA1_Stream5_IRQHandler
                0x08004d80                PVD_IRQHandler
                0x08004d80                TAMP_STAMP_IRQHandler
                0x08004d80                CAN2_RX1_IRQHandler
                0x08004d80                EXTI3_IRQHandler
                0x08004d80                TIM8_TRG_COM_TIM14_IRQHandler
                0x08004d80                TIM1_UP_TIM10_IRQHandler
                0x08004d80                TIM8_UP_TIM13_IRQHandler
                0x08004d80                I2C3_ER_IRQHandler
                0x08004d80                I2C2_EV_IRQHandler
                0x08004d80                DMA1_Stream2_IRQHandler
                0x08004d80                CAN1_RX0_IRQHandler
                0x08004d80                FPU_IRQHandler
                0x08004d80                OTG_HS_WKUP_IRQHandler
                0x08004d80                CAN2_SCE_IRQHandler
                0x08004d80                DMA2_Stream2_IRQHandler
                0x08004d80                SPI1_IRQHandler
                0x08004d80                TIM6_DAC_IRQHandler
                0x08004d80                TIM1_BRK_TIM9_IRQHandler
                0x08004d80                DCMI_IRQHandler
                0x08004d80                CAN2_RX0_IRQHandler
                0x08004d80                USART6_IRQHandler
                0x08004d80                USART3_IRQHandler
                0x08004d80                CAN1_RX1_IRQHandler
                0x08004d80                UART5_IRQHandler
                0x08004d80                DMA2_Stream0_IRQHandler
                0x08004d80                TIM4_IRQHandler
                0x08004d80                I2C1_EV_IRQHandler
                0x08004d80                DMA1_Stream6_IRQHandler
                0x08004d80                DMA1_Stream1_IRQHandler
                0x08004d80                UART4_IRQHandler
                0x08004d80                TIM3_IRQHandler
                0x08004d80                RCC_IRQHandler
                0x08004d80                TIM8_BRK_TIM12_IRQHandler
                0x08004d80                Default_Handler
                0x08004d80                EXTI15_10_IRQHandler
                0x08004d80                ADC_IRQHandler
                0x08004d80                DMA1_Stream7_IRQHandler
                0x08004d80                TIM7_IRQHandler
                0x08004d80                CAN2_TX_IRQHandler
                0x08004d80                TIM5_IRQHandler
                0x08004d80                DMA2_Stream7_IRQHandler
                0x08004d80                I2C3_EV_IRQHandler
                0x08004d80                EXTI9_5_IRQHandler
                0x08004d80                RTC_WKUP_IRQHandler
                0x08004d80                ETH_WKUP_IRQHandler
                0x08004d80                SPI2_IRQHandler
                0x08004d80                OTG_HS_EP1_IN_IRQHandler
                0x08004d80                DMA1_Stream0_IRQHandler
                0x08004d80                CAN1_TX_IRQHandler
                0x08004d80                EXTI4_IRQHandler
                0x08004d80                FSMC_IRQHandler
                0x08004d80                ETH_IRQHandler
                0x08004d80                OTG_HS_EP1_OUT_IRQHandler
                0x08004d80                WWDG_IRQHandler
                0x08004d80                TIM2_IRQHandler
                0x08004d80                OTG_FS_WKUP_IRQHandler
                0x08004d80                TIM1_TRG_COM_TIM11_IRQHandler
                0x08004d80                OTG_HS_IRQHandler
                0x08004d80                EXTI1_IRQHandler
                0x08004d80                USART2_IRQHandler
                0x08004d80                I2C2_ER_IRQHandler
                0x08004d80                DMA2_Stream1_IRQHandler
                0x08004d80                CAN1_SCE_IRQHandler
                0x08004d80                FLASH_IRQHandler
                0x08004d80                DMA2_Stream4_IRQHandler
                0x08004d80                USART1_IRQHandler
                0x08004d80                OTG_FS_IRQHandler
                0x08004d80                SPI3_IRQHandler
                0x08004d80                DMA1_Stream4_IRQHandler
                0x08004d80                I2C1_ER_IRQHandler
                0x08004d80                DMA2_Stream6_IRQHandler
                0x08004d80                DMA1_Stream3_IRQHandler
 *fill*         0x08004d82        0x2 
 .text.__libc_init_array
                0x08004d84       0x48 c:/ac6/systemworkbench/plugins/fr.ac6.mcu.externaltools.arm-none.win32_1.17.0.201812190825/tools/compiler/bin/../lib/gcc/arm-none-eabi/7.3.1/../../../../arm-none-eabi/lib/thumb/v7e-m/fpv4-sp/hard\libc_nano.a(lib_a-init.o)
                0x08004d84                __libc_init_array
 .text.memset   0x08004dcc       0x10 c:/ac6/systemworkbench/plugins/fr.ac6.mcu.externaltools.arm-none.win32_1.17.0.201812190825/tools/compiler/bin/../lib/gcc/arm-none-eabi/7.3.1/../../../../arm-none-eabi/lib/thumb/v7e-m/fpv4-sp/hard\libc_nano.a(lib_a-memset.o)
                0x08004dcc                memset
 .text.sprintf  0x08004ddc       0x40 c:/ac6/systemworkbench/plugins/fr.ac6.mcu.externaltools.arm-none.win32_1.17.0.201812190825/tools/compiler/bin/../lib/gcc/arm-none-eabi/7.3.1/../../../../arm-none-eabi/lib/thumb/v7e-m/fpv4-sp/hard\libc_nano.a(lib_a-sprintf.o)
                0x08004ddc                siprintf
                0x08004ddc                sprintf
 .text.__ssputs_r
                0x08004e1c       0xb4 c:/ac6/systemworkbench/plugins/fr.ac6.mcu.externaltools.arm-none.win32_1.17.0.201812190825/tools/compiler/bin/../lib/gcc/arm-none-eabi/7.3.1/../../../../arm-none-eabi/lib/thumb/v7e-m/fpv4-sp/hard\libc_nano.a(lib_a-nano-svfprintf.o)
                0x08004e1c                __ssputs_r
 .text._svfprintf_r
                0x08004ed0      0x1f0 c:/ac6/systemworkbench/plugins/fr.ac6.mcu.externaltools.arm-none.win32_1.17.0.201812190825/tools/compiler/bin/../lib/gcc/arm-none-eabi/7.3.1/../../../../arm-none-eabi/lib/thumb/v7e-m/fpv4-sp/hard\libc_nano.a(lib_a-nano-svfprintf.o)
                0x08004ed0                _svfiprintf_r
                0x08004ed0                _svfprintf_r
 .text._printf_common
                0x080050c0       0xea c:/ac6/systemworkbench/plugins/fr.ac6.mcu.externaltools.arm-none.win32_1.17.0.201812190825/tools/compiler/bin/../lib/gcc/arm-none-eabi/7.3.1/../../../../arm-none-eabi/lib/thumb/v7e-m/fpv4-sp/hard\libc_nano.a(lib_a-nano-vfprintf_i.o)
                0x080050c0                _printf_common
 *fill*         0x080051aa        0x2 
 .text._printf_i
                0x080051ac      0x224 c:/ac6/systemworkbench/plugins/fr.ac6.mcu.externaltools.arm-none.win32_1.17.0.201812190825/tools/compiler/bin/../lib/gcc/arm-none-eabi/7.3.1/../../../../arm-none-eabi/lib/thumb/v7e-m/fpv4-sp/hard\libc_nano.a(lib_a-nano-vfprintf_i.o)
                0x080051ac                _printf_i
 .text.memcpy   0x080053d0       0x16 c:/ac6/systemworkbench/plugins/fr.ac6.mcu.externaltools.arm-none.win32_1.17.0.201812190825/tools/compiler/bin/../lib/gcc/arm-none-eabi/7.3.1/../../../../arm-none-eabi/lib/thumb/v7e-m/fpv4-sp/hard\libc_nano.a(lib_a-memcpy-stub.o)
                0x080053d0                memcpy
 .text.memmove  0x080053e6       0x32 c:/ac6/systemworkbench/plugins/fr.ac6.mcu.externaltools.arm-none.win32_1.17.0.201812190825/tools/compiler/bin/../lib/gcc/arm-none-eabi/7.3.1/../../../../arm-none-eabi/lib/thumb/v7e-m/fpv4-sp/hard\libc_nano.a(lib_a-memmove.o)
                0x080053e6                memmove
 .text._free_r  0x08005418       0x9c c:/ac6/systemworkbench/plugins/fr.ac6.mcu.externaltools.arm-none.win32_1.17.0.201812190825/tools/compiler/bin/../lib/gcc/arm-none-eabi/7.3.1/../../../../arm-none-eabi/lib/thumb/v7e-m/fpv4-sp/hard\libc_nano.a(lib_a-nano-freer.o)
                0x08005418                _free_r
 .text._malloc_r
                0x080054b4       0xb4 c:/ac6/systemworkbench/plugins/fr.ac6.mcu.externaltools.arm-none.win32_1.17.0.201812190825/tools/compiler/bin/../lib/gcc/arm-none-eabi/7.3.1/../../../../arm-none-eabi/lib/thumb/v7e-m/fpv4-sp/hard\libc_nano.a(lib_a-nano-mallocr.o)
                0x080054b4                _malloc_r
 .text._realloc_r
                0x08005568       0x4c c:/ac6/systemworkbench/plugins/fr.ac6.mcu.externaltools.arm-none.win32_1.17.0.201812190825/tools/compiler/bin/../lib/gcc/arm-none-eabi/7.3.1/../../../../arm-none-eabi/lib/thumb/v7e-m/fpv4-sp/hard\libc_nano.a(lib_a-nano-reallocr.o)
                0x08005568                _realloc_r
 .text._sbrk_r  0x080055b4       0x20 c:/ac6/systemworkbench/plugins/fr.ac6.mcu.externaltools.arm-none.win32_1.17.0.201812190825/tools/compiler/bin/../lib/gcc/arm-none-eabi/7.3.1/../../../../arm-none-eabi/lib/thumb/v7e-m/fpv4-sp/hard\libc_nano.a(lib_a-sbrkr.o)
                0x080055b4                _sbrk_r
 .text.__malloc_lock
                0x080055d4        0x2 c:/ac6/systemworkbench/plugins/fr.ac6.mcu.externaltools.arm-none.win32_1.17.0.201812190825/tools/compiler/bin/../lib/gcc/arm-none-eabi/7.3.1/../../../../arm-none-eabi/lib/thumb/v7e-m/fpv4-sp/hard\libc_nano.a(lib_a-mlock.o)
                0x080055d4                __malloc_lock
 .text.__malloc_unlock
                0x080055d6        0x2 c:/ac6/systemworkbench/plugins/fr.ac6.mcu.externaltools.arm-none.win32_1.17.0.201812190825/tools/compiler/bin/../lib/gcc/arm-none-eabi/7.3.1/../../../../arm-none-eabi/lib/thumb/v7e-m/fpv4-sp/hard\libc_nano.a(lib_a-mlock.o)
                0x080055d6                __malloc_unlock
 .text._malloc_usable_size_r
                0x080055d8       0x10 c:/ac6/systemworkbench/plugins/fr.ac6.mcu.externaltools.arm-none.win32_1.17.0.201812190825/tools/compiler/bin/../lib/gcc/arm-none-eabi/7.3.1/../../../../arm-none-eabi/lib/thumb/v7e-m/fpv4-sp/hard\libc_nano.a(lib_a-nano-msizer.o)
                0x080055d8                _malloc_usable_size_r
 .text._sbrk    0x080055e8       0x1c c:/ac6/systemworkbench/plugins/fr.ac6.mcu.externaltools.arm-none.win32_1.17.0.201812190825/tools/compiler/bin/../lib/gcc/arm-none-eabi/7.3.1/../../../../arm-none-eabi/lib/thumb/v7e-m/fpv4-sp/hard\libnosys.a(sbrk.o)
                0x080055e8                _sbrk
 *(.glue_7)
 .glue_7        0x08005604        0x0 linker stubs
 *(.glue_7t)
 .glue_7t       0x08005604        0x0 linker stubs
 *(.eh_frame)
 .eh_frame      0x08005604        0x0 c:/ac6/systemworkbench/plugins/fr.ac6.mcu.externaltools.arm-none.win32_1.17.0.201812190825/tools/compiler/bin/../lib/gcc/arm-none-eabi/7.3.1/thumb/v7e-m/fpv4-sp/hard/crtbegin.o
 *(.init)
 .init          0x08005604        0x4 c:/ac6/systemworkbench/plugins/fr.ac6.mcu.externaltools.arm-none.win32_1.17.0.201812190825/tools/compiler/bin/../lib/gcc/arm-none-eabi/7.3.1/thumb/v7e-m/fpv4-sp/hard/crti.o
                0x08005604                _init
 .init          0x08005608        0x8 c:/ac6/systemworkbench/plugins/fr.ac6.mcu.externaltools.arm-none.win32_1.17.0.201812190825/tools/compiler/bin/../lib/gcc/arm-none-eabi/7.3.1/thumb/v7e-m/fpv4-sp/hard/crtn.o
 *(.fini)
 .fini          0x08005610        0x4 c:/ac6/systemworkbench/plugins/fr.ac6.mcu.externaltools.arm-none.win32_1.17.0.201812190825/tools/compiler/bin/../lib/gcc/arm-none-eabi/7.3.1/thumb/v7e-m/fpv4-sp/hard/crti.o
                0x08005610                _fini
 .fini          0x08005614        0x8 c:/ac6/systemworkbench/plugins/fr.ac6.mcu.externaltools.arm-none.win32_1.17.0.201812190825/tools/compiler/bin/../lib/gcc/arm-none-eabi/7.3.1/thumb/v7e-m/fpv4-sp/hard/crtn.o
                0x0800561c                . = ALIGN (0x4)
                0x0800561c                _etext = .

.vfp11_veneer   0x0800561c        0x0
 .vfp11_veneer  0x0800561c        0x0 linker stubs

.v4_bx          0x0800561c        0x0
 .v4_bx         0x0800561c        0x0 linker stubs

.iplt           0x0800561c        0x0
 .iplt          0x0800561c        0x0 c:/ac6/systemworkbench/plugins/fr.ac6.mcu.externaltools.arm-none.win32_1.17.0.201812190825/tools/compiler/bin/../lib/gcc/arm-none-eabi/7.3.1/thumb/v7e-m/fpv4-sp/hard/crtbegin.o

.rodata         0x0800561c     0x2a94
                0x0800561c                . = ALIGN (0x4)
 *(.rodata)
 .rodata        0x0800561c     0x29d0 Src/fonts.o
                0x0800561c                ASCII8x8_Table
                0x08005c1c                ASCII8x12_Table
                0x0800651c                ASCII12x12_Table
                0x08006e1c                ASCII16x24_Table
 *(.rodata*)
 .rodata.str1.4
                0x08007fec       0x16 Src/bmp.o
 *fill*         0x08008002        0x2 
 .rodata.str1.4
                0x08008004        0xf Src/ff.o
 *fill*         0x08008013        0x1 
 .rodata.str1.4
                0x08008014       0x68 Src/main.o
                                 0x65 (size before relaxing)
 .rodata._svfprintf_r.str1.1
                0x0800807c       0x11 c:/ac6/systemworkbench/plugins/fr.ac6.mcu.externaltools.arm-none.win32_1.17.0.201812190825/tools/compiler/bin/../lib/gcc/arm-none-eabi/7.3.1/../../../../arm-none-eabi/lib/thumb/v7e-m/fpv4-sp/hard\libc_nano.a(lib_a-nano-svfprintf.o)
 .rodata._printf_i.str1.1
                0x0800808d       0x22 c:/ac6/systemworkbench/plugins/fr.ac6.mcu.externaltools.arm-none.win32_1.17.0.201812190825/tools/compiler/bin/../lib/gcc/arm-none-eabi/7.3.1/../../../../arm-none-eabi/lib/thumb/v7e-m/fpv4-sp/hard\libc_nano.a(lib_a-nano-vfprintf_i.o)
                0x080080b0                . = ALIGN (0x4)
 *fill*         0x080080af        0x1 

.rel.dyn        0x080080b0        0x0
 .rel.iplt      0x080080b0        0x0 c:/ac6/systemworkbench/plugins/fr.ac6.mcu.externaltools.arm-none.win32_1.17.0.201812190825/tools/compiler/bin/../lib/gcc/arm-none-eabi/7.3.1/thumb/v7e-m/fpv4-sp/hard/crtbegin.o

.ARM.extab
 *(.ARM.extab* .gnu.linkonce.armextab.*)

.ARM            0x080080b0        0x0
                0x080080b0                __exidx_start = .
 *(.ARM.exidx*)
                0x080080b0                __exidx_end = .

.preinit_array  0x080080b0        0x0
                0x080080b0                PROVIDE (__preinit_array_start = .)
 *(.preinit_array*)
                0x080080b0                PROVIDE (__preinit_array_end = .)

.init_array     0x080080b0        0x4
                0x080080b0                PROVIDE (__init_array_start = .)
 *(SORT_BY_NAME(.init_array.*))
 *(.init_array*)
 .init_array    0x080080b0        0x4 c:/ac6/systemworkbench/plugins/fr.ac6.mcu.externaltools.arm-none.win32_1.17.0.201812190825/tools/compiler/bin/../lib/gcc/arm-none-eabi/7.3.1/thumb/v7e-m/fpv4-sp/hard/crtbegin.o
                0x080080b4                PROVIDE (__init_array_end = .)

.fini_array     0x080080b4        0x4
                [!provide]                PROVIDE (__fini_array_start = .)
 *(SORT_BY_NAME(.fini_array.*))
 *(.fini_array*)
 .fini_array    0x080080b4        0x4 c:/ac6/systemworkbench/plugins/fr.ac6.mcu.externaltools.arm-none.win32_1.17.0.201812190825/tools/compiler/bin/../lib/gcc/arm-none-eabi/7.3.1/thumb/v7e-m/fpv4-sp/hard/crtbegin.o
                [!provide]                PROVIDE (__fini_array_end = .)
                0x080080b8                _sidata = LOADADDR (.data)

.data           0x20000000       0xe4 load address 0x080080b8
                0x20000000                . = ALIGN (0x4)
                0x20000000                _sdata = .
 *(.data)
 .data          0x20000000       0x46 Src/bmp.o
                0x20000000                bmp_header
 *fill*         0x20000046        0x2 
 .data          0x20000048       0x20 Src/fonts.o
                0x20000048                Font8x8
                0x20000050                Font8x12
                0x20000058                Font12x12
                0x20000060                Font16x24
 .data          0x20000068        0x1 Src/main.o
                0x20000068                capture_Flag
 *fill*         0x20000069        0x1 
 .data          0x2000006a        0x2 Src/stm32f4_discovery_lcd.o
 .data          0x2000006c        0x4 Src/stm32f4_discovery_lis302dl.o
                0x2000006c                LIS302DLTimeout
 .data          0x20000070       0x10 Src/stm32f4xx_rcc.o
 *(.data*)
 .data._impure_ptr
                0x20000080        0x4 c:/ac6/systemworkbench/plugins/fr.ac6.mcu.externaltools.arm-none.win32_1.17.0.201812190825/tools/compiler/bin/../lib/gcc/arm-none-eabi/7.3.1/../../../../arm-none-eabi/lib/thumb/v7e-m/fpv4-sp/hard\libc_nano.a(lib_a-impure.o)
                0x20000080                _impure_ptr
 .data.impure_data
                0x20000084       0x60 c:/ac6/systemworkbench/plugins/fr.ac6.mcu.externaltools.arm-none.win32_1.17.0.201812190825/tools/compiler/bin/../lib/gcc/arm-none-eabi/7.3.1/../../../../arm-none-eabi/lib/thumb/v7e-m/fpv4-sp/hard\libc_nano.a(lib_a-impure.o)
                0x200000e4                . = ALIGN (0x4)
                0x200000e4                _edata = .
                0x0800819c                _siccmram = LOADADDR (.ccmram)

.igot.plt       0x200000e4        0x0 load address 0x0800819c
 .igot.plt      0x200000e4        0x0 c:/ac6/systemworkbench/plugins/fr.ac6.mcu.externaltools.arm-none.win32_1.17.0.201812190825/tools/compiler/bin/../lib/gcc/arm-none-eabi/7.3.1/thumb/v7e-m/fpv4-sp/hard/crtbegin.o

.ccmram         0x10000000        0x0 load address 0x0800819c
                0x10000000                . = ALIGN (0x4)
                0x10000000                _sccmram = .
 *(.ccmram)
 *(.ccmram*)
                0x10000000                . = ALIGN (0x4)
                0x10000000                _eccmram = .
                0x10000000                . = ALIGN (0x4)

.bss            0x200000e4      0x768
                0x200000e4                _sbss = .
                0x200000e4                __bss_start__ = _sbss
 *(.bss)
 .bss           0x200000e4       0x1c c:/ac6/systemworkbench/plugins/fr.ac6.mcu.externaltools.arm-none.win32_1.17.0.201812190825/tools/compiler/bin/../lib/gcc/arm-none-eabi/7.3.1/thumb/v7e-m/fpv4-sp/hard/crtbegin.o
 .bss           0x20000100      0x404 Src/bmp.o
                0x20000100                pic_counter
                0x20000104                image_buf
 .bss           0x20000504        0x6 Src/ff.o
 .bss           0x2000050a        0x1 Src/main.o
                0x2000050a                KeyPressFlg
 *fill*         0x2000050b        0x1 
 .bss           0x2000050c        0x8 Src/stm32f4_discovery_lcd.o
 .bss           0x20000514       0x48 Src/stm32f4_discovery_sdio_sd.o
                0x2000053c                TransferError
                0x20000540                TransferEnd
                0x20000544                StopCondition
                0x20000548                DMAEndOfTransfer
 *(.bss*)
 .bss.__malloc_free_list
                0x2000055c        0x4 c:/ac6/systemworkbench/plugins/fr.ac6.mcu.externaltools.arm-none.win32_1.17.0.201812190825/tools/compiler/bin/../lib/gcc/arm-none-eabi/7.3.1/../../../../arm-none-eabi/lib/thumb/v7e-m/fpv4-sp/hard\libc_nano.a(lib_a-nano-mallocr.o)
                0x2000055c                __malloc_free_list
 .bss.__malloc_sbrk_start
                0x20000560        0x4 c:/ac6/systemworkbench/plugins/fr.ac6.mcu.externaltools.arm-none.win32_1.17.0.201812190825/tools/compiler/bin/../lib/gcc/arm-none-eabi/7.3.1/../../../../arm-none-eabi/lib/thumb/v7e-m/fpv4-sp/hard\libc_nano.a(lib_a-nano-mallocr.o)
                0x20000560                __malloc_sbrk_start
 .bss.heap_end.5377
                0x20000564        0x4 c:/ac6/systemworkbench/plugins/fr.ac6.mcu.externaltools.arm-none.win32_1.17.0.201812190825/tools/compiler/bin/../lib/gcc/arm-none-eabi/7.3.1/../../../../arm-none-eabi/lib/thumb/v7e-m/fpv4-sp/hard\libnosys.a(sbrk.o)
 *(COMMON)
 COMMON         0x20000568      0x230 Src/bmp.o
                0x20000568                filesys
 COMMON         0x20000798       0x1c Src/main.o
                0x20000798                TimingDelay
                0x2000079c                RCC_Clocks
                0x200007ac                EXTI_InitStructure
 COMMON         0x200007b4       0x94 Src/stm32f4_discovery_sdio_sd.o
                0x200007b4                SDIO_CmdInitStructure
                0x200007c8                SDCardInfo
                0x20000818                SDIO_InitStructure
                0x20000830                SDIO_DataInitStructure
 COMMON         0x20000848        0x4 c:/ac6/systemworkbench/plugins/fr.ac6.mcu.externaltools.arm-none.win32_1.17.0.201812190825/tools/compiler/bin/../lib/gcc/arm-none-eabi/7.3.1/../../../../arm-none-eabi/lib/thumb/v7e-m/fpv4-sp/hard\libc_nano.a(lib_a-reent.o)
                0x20000848                errno
                0x2000084c                . = ALIGN (0x4)
                0x2000084c                _ebss = .
                0x2000084c                __bss_end__ = _ebss

._user_heap_stack
                0x2000084c      0x604
                0x20000850                . = ALIGN (0x8)
 *fill*         0x2000084c        0x4 
                0x20000850                PROVIDE (end = .)
                [!provide]                PROVIDE (_end = .)
                0x20000a50                . = (. + _Min_Heap_Size)
 *fill*         0x20000850      0x200 
                0x20000e50                . = (. + _Min_Stack_Size)
 *fill*         0x20000a50      0x400 
                0x20000e50                . = ALIGN (0x8)

/DISCARD/
 libc.a(*)
 libm.a(*)
 libgcc.a(*)

.ARM.attributes
                0x00000000       0x30
 *(.ARM.attributes)
 .ARM.attributes
                0x00000000       0x22 c:/ac6/systemworkbench/plugins/fr.ac6.mcu.externaltools.arm-none.win32_1.17.0.201812190825/tools/compiler/bin/../lib/gcc/arm-none-eabi/7.3.1/thumb/v7e-m/fpv4-sp/hard/crti.o
 .ARM.attributes
                0x00000022       0x34 c:/ac6/systemworkbench/plugins/fr.ac6.mcu.externaltools.arm-none.win32_1.17.0.201812190825/tools/compiler/bin/../lib/gcc/arm-none-eabi/7.3.1/thumb/v7e-m/fpv4-sp/hard/crtbegin.o
 .ARM.attributes
                0x00000056       0x39 Src/bmp.o
 .ARM.attributes
                0x0000008f       0x39 Src/dcmi_ov9655.o
 .ARM.attributes
                0x000000c8       0x39 Src/diskio.o
 .ARM.attributes
                0x00000101       0x39 Src/ff.o
 .ARM.attributes
                0x0000013a       0x39 Src/fonts.o
 .ARM.attributes
                0x00000173       0x39 Src/main.o
 .ARM.attributes
                0x000001ac       0x39 Src/misc.o
 .ARM.attributes
                0x000001e5       0x39 Src/stm32f4_discovery.o
 .ARM.attributes
                0x0000021e       0x39 Src/stm32f4_discovery_lcd.o
 .ARM.attributes
                0x00000257       0x39 Src/stm32f4_discovery_lis302dl.o
 .ARM.attributes
                0x00000290       0x39 Src/stm32f4_discovery_sdio_sd.o
 .ARM.attributes
                0x000002c9       0x39 Src/stm32f4xx_dcmi.o
 .ARM.attributes
                0x00000302       0x39 Src/stm32f4xx_dma.o
 .ARM.attributes
                0x0000033b       0x39 Src/stm32f4xx_exti.o
 .ARM.attributes
                0x00000374       0x39 Src/stm32f4xx_fsmc.o
 .ARM.attributes
                0x000003ad       0x39 Src/stm32f4xx_gpio.o
 .ARM.attributes
                0x000003e6       0x39 Src/stm32f4xx_i2c.o
 .ARM.attributes
                0x0000041f       0x39 Src/stm32f4xx_it.o
 .ARM.attributes
                0x00000458       0x39 Src/stm32f4xx_rcc.o
 .ARM.attributes
                0x00000491       0x39 Src/stm32f4xx_sdio.o
 .ARM.attributes
                0x000004ca       0x39 Src/stm32f4xx_spi.o
 .ARM.attributes
                0x00000503       0x39 Src/system_stm32f4xx.o
 .ARM.attributes
                0x0000053c       0x21 startup/startup_stm32f407xx.o
 .ARM.attributes
                0x0000055d       0x34 c:/ac6/systemworkbench/plugins/fr.ac6.mcu.externaltools.arm-none.win32_1.17.0.201812190825/tools/compiler/bin/../lib/gcc/arm-none-eabi/7.3.1/../../../../arm-none-eabi/lib/thumb/v7e-m/fpv4-sp/hard\libc_nano.a(lib_a-impure.o)
 .ARM.attributes
                0x00000591       0x34 c:/ac6/systemworkbench/plugins/fr.ac6.mcu.externaltools.arm-none.win32_1.17.0.201812190825/tools/compiler/bin/../lib/gcc/arm-none-eabi/7.3.1/../../../../arm-none-eabi/lib/thumb/v7e-m/fpv4-sp/hard\libc_nano.a(lib_a-init.o)
 .ARM.attributes
                0x000005c5       0x34 c:/ac6/systemworkbench/plugins/fr.ac6.mcu.externaltools.arm-none.win32_1.17.0.201812190825/tools/compiler/bin/../lib/gcc/arm-none-eabi/7.3.1/../../../../arm-none-eabi/lib/thumb/v7e-m/fpv4-sp/hard\libc_nano.a(lib_a-memset.o)
 .ARM.attributes
                0x000005f9       0x34 c:/ac6/systemworkbench/plugins/fr.ac6.mcu.externaltools.arm-none.win32_1.17.0.201812190825/tools/compiler/bin/../lib/gcc/arm-none-eabi/7.3.1/../../../../arm-none-eabi/lib/thumb/v7e-m/fpv4-sp/hard\libc_nano.a(lib_a-sprintf.o)
 .ARM.attributes
                0x0000062d       0x34 c:/ac6/systemworkbench/plugins/fr.ac6.mcu.externaltools.arm-none.win32_1.17.0.201812190825/tools/compiler/bin/../lib/gcc/arm-none-eabi/7.3.1/../../../../arm-none-eabi/lib/thumb/v7e-m/fpv4-sp/hard\libc_nano.a(lib_a-nano-svfprintf.o)
 .ARM.attributes
                0x00000661       0x34 c:/ac6/systemworkbench/plugins/fr.ac6.mcu.externaltools.arm-none.win32_1.17.0.201812190825/tools/compiler/bin/../lib/gcc/arm-none-eabi/7.3.1/../../../../arm-none-eabi/lib/thumb/v7e-m/fpv4-sp/hard\libc_nano.a(lib_a-nano-vfprintf_i.o)
 .ARM.attributes
                0x00000695       0x20 c:/ac6/systemworkbench/plugins/fr.ac6.mcu.externaltools.arm-none.win32_1.17.0.201812190825/tools/compiler/bin/../lib/gcc/arm-none-eabi/7.3.1/../../../../arm-none-eabi/lib/thumb/v7e-m/fpv4-sp/hard\libc_nano.a(lib_a-memchr.o)
 .ARM.attributes
                0x000006b5       0x34 c:/ac6/systemworkbench/plugins/fr.ac6.mcu.externaltools.arm-none.win32_1.17.0.201812190825/tools/compiler/bin/../lib/gcc/arm-none-eabi/7.3.1/../../../../arm-none-eabi/lib/thumb/v7e-m/fpv4-sp/hard\libc_nano.a(lib_a-memcpy-stub.o)
 .ARM.attributes
                0x000006e9       0x34 c:/ac6/systemworkbench/plugins/fr.ac6.mcu.externaltools.arm-none.win32_1.17.0.201812190825/tools/compiler/bin/../lib/gcc/arm-none-eabi/7.3.1/../../../../arm-none-eabi/lib/thumb/v7e-m/fpv4-sp/hard\libc_nano.a(lib_a-memmove.o)
 .ARM.attributes
                0x0000071d       0x34 c:/ac6/systemworkbench/plugins/fr.ac6.mcu.externaltools.arm-none.win32_1.17.0.201812190825/tools/compiler/bin/../lib/gcc/arm-none-eabi/7.3.1/../../../../arm-none-eabi/lib/thumb/v7e-m/fpv4-sp/hard\libc_nano.a(lib_a-nano-freer.o)
 .ARM.attributes
                0x00000751       0x34 c:/ac6/systemworkbench/plugins/fr.ac6.mcu.externaltools.arm-none.win32_1.17.0.201812190825/tools/compiler/bin/../lib/gcc/arm-none-eabi/7.3.1/../../../../arm-none-eabi/lib/thumb/v7e-m/fpv4-sp/hard\libc_nano.a(lib_a-nano-mallocr.o)
 .ARM.attributes
                0x00000785       0x34 c:/ac6/systemworkbench/plugins/fr.ac6.mcu.externaltools.arm-none.win32_1.17.0.201812190825/tools/compiler/bin/../lib/gcc/arm-none-eabi/7.3.1/../../../../arm-none-eabi/lib/thumb/v7e-m/fpv4-sp/hard\libc_nano.a(lib_a-nano-reallocr.o)
 .ARM.attributes
                0x000007b9       0x34 c:/ac6/systemworkbench/plugins/fr.ac6.mcu.externaltools.arm-none.win32_1.17.0.201812190825/tools/compiler/bin/../lib/gcc/arm-none-eabi/7.3.1/../../../../arm-none-eabi/lib/thumb/v7e-m/fpv4-sp/hard\libc_nano.a(lib_a-sbrkr.o)
 .ARM.attributes
                0x000007ed       0x34 c:/ac6/systemworkbench/plugins/fr.ac6.mcu.externaltools.arm-none.win32_1.17.0.201812190825/tools/compiler/bin/../lib/gcc/arm-none-eabi/7.3.1/../../../../arm-none-eabi/lib/thumb/v7e-m/fpv4-sp/hard\libc_nano.a(lib_a-mlock.o)
 .ARM.attributes
                0x00000821       0x34 c:/ac6/systemworkbench/plugins/fr.ac6.mcu.externaltools.arm-none.win32_1.17.0.201812190825/tools/compiler/bin/../lib/gcc/arm-none-eabi/7.3.1/../../../../arm-none-eabi/lib/thumb/v7e-m/fpv4-sp/hard\libc_nano.a(lib_a-nano-msizer.o)
 .ARM.attributes
                0x00000855       0x34 c:/ac6/systemworkbench/plugins/fr.ac6.mcu.externaltools.arm-none.win32_1.17.0.201812190825/tools/compiler/bin/../lib/gcc/arm-none-eabi/7.3.1/../../../../arm-none-eabi/lib/thumb/v7e-m/fpv4-sp/hard\libc_nano.a(lib_a-reent.o)
 .ARM.attributes
                0x00000889       0x34 c:/ac6/systemworkbench/plugins/fr.ac6.mcu.externaltools.arm-none.win32_1.17.0.201812190825/tools/compiler/bin/../lib/gcc/arm-none-eabi/7.3.1/../../../../arm-none-eabi/lib/thumb/v7e-m/fpv4-sp/hard\libnosys.a(sbrk.o)
 .ARM.attributes
                0x000008bd       0x22 c:/ac6/systemworkbench/plugins/fr.ac6.mcu.externaltools.arm-none.win32_1.17.0.201812190825/tools/compiler/bin/../lib/gcc/arm-none-eabi/7.3.1/thumb/v7e-m/fpv4-sp/hard/crtn.o
OUTPUT(OV9655_Camera.elf elf32-littlearm)

.debug_info     0x00000000    0x15ff0
 .debug_info    0x00000000     0x118a Src/bmp.o
 .debug_info    0x0000118a     0x45d8 Src/dcmi_ov9655.o
 .debug_info    0x00005762      0x7be Src/diskio.o
 .debug_info    0x00005f20     0x236f Src/ff.o
 .debug_info    0x0000828f      0x1b2 Src/fonts.o
 .debug_info    0x00008441     0x1764 Src/main.o
 .debug_info    0x00009ba5      0x54f Src/misc.o
 .debug_info    0x0000a0f4     0x140c Src/stm32f4_discovery.o
 .debug_info    0x0000b500     0x2439 Src/stm32f4_discovery_lcd.o
 .debug_info    0x0000d939      0xd46 Src/stm32f4_discovery_lis302dl.o
 .debug_info    0x0000e67f     0x2394 Src/stm32f4_discovery_sdio_sd.o
 .debug_info    0x00010a13      0x562 Src/stm32f4xx_dcmi.o
 .debug_info    0x00010f75      0x744 Src/stm32f4xx_dma.o
 .debug_info    0x000116b9      0x36a Src/stm32f4xx_exti.o
 .debug_info    0x00011a23      0x910 Src/stm32f4xx_fsmc.o
 .debug_info    0x00012333      0x7ee Src/stm32f4xx_gpio.o
 .debug_info    0x00012b21      0xbc5 Src/stm32f4xx_i2c.o
 .debug_info    0x000136e6      0x24a Src/stm32f4xx_it.o
 .debug_info    0x00013930      0xca9 Src/stm32f4xx_rcc.o
 .debug_info    0x000145d9      0x848 Src/stm32f4xx_sdio.o
 .debug_info    0x00014e21      0xbd0 Src/stm32f4xx_spi.o
 .debug_info    0x000159f1      0x5dd Src/system_stm32f4xx.o
 .debug_info    0x00015fce       0x22 startup/startup_stm32f407xx.o

.debug_abbrev   0x00000000     0x29d9
 .debug_abbrev  0x00000000      0x2e6 Src/bmp.o
 .debug_abbrev  0x000002e6      0x1cf Src/dcmi_ov9655.o
 .debug_abbrev  0x000004b5      0x1cd Src/diskio.o
 .debug_abbrev  0x00000682      0x242 Src/ff.o
 .debug_abbrev  0x000008c4       0xb6 Src/fonts.o
 .debug_abbrev  0x0000097a      0x2ce Src/main.o
 .debug_abbrev  0x00000c48      0x186 Src/misc.o
 .debug_abbrev  0x00000dce      0x22c Src/stm32f4_discovery.o
 .debug_abbrev  0x00000ffa      0x29b Src/stm32f4_discovery_lcd.o
 .debug_abbrev  0x00001295      0x217 Src/stm32f4_discovery_lis302dl.o
 .debug_abbrev  0x000014ac      0x240 Src/stm32f4_discovery_sdio_sd.o
 .debug_abbrev  0x000016ec      0x1bf Src/stm32f4xx_dcmi.o
 .debug_abbrev  0x000018ab      0x17c Src/stm32f4xx_dma.o
 .debug_abbrev  0x00001a27      0x1e1 Src/stm32f4xx_exti.o
 .debug_abbrev  0x00001c08      0x1c0 Src/stm32f4xx_fsmc.o
 .debug_abbrev  0x00001dc8      0x1fa Src/stm32f4xx_gpio.o
 .debug_abbrev  0x00001fc2      0x1e0 Src/stm32f4xx_i2c.o
 .debug_abbrev  0x000021a2      0x109 Src/stm32f4xx_it.o
 .debug_abbrev  0x000022ab      0x223 Src/stm32f4xx_rcc.o
 .debug_abbrev  0x000024ce      0x1bd Src/stm32f4xx_sdio.o
 .debug_abbrev  0x0000268b      0x1c5 Src/stm32f4xx_spi.o
 .debug_abbrev  0x00002850      0x177 Src/system_stm32f4xx.o
 .debug_abbrev  0x000029c7       0x12 startup/startup_stm32f407xx.o

.debug_loc      0x00000000     0x8ff2
 .debug_loc     0x00000000      0x1a2 Src/bmp.o
 .debug_loc     0x000001a2      0x3c6 Src/dcmi_ov9655.o
 .debug_loc     0x00000568      0x20d Src/diskio.o
 .debug_loc     0x00000775     0x2fe9 Src/ff.o
 .debug_loc     0x0000375e       0x64 Src/main.o
 .debug_loc     0x000037c2      0x128 Src/misc.o
 .debug_loc     0x000038ea      0x1ce Src/stm32f4_discovery.o
 .debug_loc     0x00003ab8     0x1163 Src/stm32f4_discovery_lcd.o
 .debug_loc     0x00004c1b      0x2a1 Src/stm32f4_discovery_lis302dl.o
 .debug_loc     0x00004ebc     0x14cc Src/stm32f4_discovery_sdio_sd.o
 .debug_loc     0x00006388      0x240 Src/stm32f4xx_dcmi.o
 .debug_loc     0x000065c8      0x43e Src/stm32f4xx_dma.o
 .debug_loc     0x00006a06      0x170 Src/stm32f4xx_exti.o
 .debug_loc     0x00006b76      0x5a1 Src/stm32f4xx_fsmc.o
 .debug_loc     0x00007117      0x3a9 Src/stm32f4xx_gpio.o
 .debug_loc     0x000074c0      0x691 Src/stm32f4xx_i2c.o
 .debug_loc     0x00007b51      0xa3b Src/stm32f4xx_rcc.o
 .debug_loc     0x0000858c      0x23d Src/stm32f4xx_sdio.o
 .debug_loc     0x000087c9      0x6eb Src/stm32f4xx_spi.o
 .debug_loc     0x00008eb4      0x13e Src/system_stm32f4xx.o

.debug_aranges  0x00000000      0xeb0
 .debug_aranges
                0x00000000       0x38 Src/bmp.o
 .debug_aranges
                0x00000038       0x80 Src/dcmi_ov9655.o
 .debug_aranges
                0x000000b8       0x48 Src/diskio.o
 .debug_aranges
                0x00000100      0x158 Src/ff.o
 .debug_aranges
                0x00000258       0x18 Src/fonts.o
 .debug_aranges
                0x00000270       0x60 Src/main.o
 .debug_aranges
                0x000002d0       0x40 Src/misc.o
 .debug_aranges
                0x00000310       0x70 Src/stm32f4_discovery.o
 .debug_aranges
                0x00000380      0x168 Src/stm32f4_discovery_lcd.o
 .debug_aranges
                0x000004e8       0x78 Src/stm32f4_discovery_lis302dl.o
 .debug_aranges
                0x00000560      0x130 Src/stm32f4_discovery_sdio_sd.o
 .debug_aranges
                0x00000690       0x90 Src/stm32f4xx_dcmi.o
 .debug_aranges
                0x00000720       0xb0 Src/stm32f4xx_dma.o
 .debug_aranges
                0x000007d0       0x58 Src/stm32f4xx_exti.o
 .debug_aranges
                0x00000828       0xb0 Src/stm32f4xx_fsmc.o
 .debug_aranges
                0x000008d8       0x88 Src/stm32f4xx_gpio.o
 .debug_aranges
                0x00000960      0x120 Src/stm32f4xx_i2c.o
 .debug_aranges
                0x00000a80       0x78 Src/stm32f4xx_it.o
 .debug_aranges
                0x00000af8      0x178 Src/stm32f4xx_rcc.o
 .debug_aranges
                0x00000c70      0x108 Src/stm32f4xx_sdio.o
 .debug_aranges
                0x00000d78       0xe0 Src/stm32f4xx_spi.o
 .debug_aranges
                0x00000e58       0x30 Src/system_stm32f4xx.o
 .debug_aranges
                0x00000e88       0x28 startup/startup_stm32f407xx.o

.debug_ranges   0x00000000      0xd88
 .debug_ranges  0x00000000       0x28 Src/bmp.o
 .debug_ranges  0x00000028       0x70 Src/dcmi_ov9655.o
 .debug_ranges  0x00000098       0x38 Src/diskio.o
 .debug_ranges  0x000000d0      0x190 Src/ff.o
 .debug_ranges  0x00000260       0x50 Src/main.o
 .debug_ranges  0x000002b0       0x30 Src/misc.o
 .debug_ranges  0x000002e0       0x60 Src/stm32f4_discovery.o
 .debug_ranges  0x00000340      0x158 Src/stm32f4_discovery_lcd.o
 .debug_ranges  0x00000498       0x68 Src/stm32f4_discovery_lis302dl.o
 .debug_ranges  0x00000500      0x120 Src/stm32f4_discovery_sdio_sd.o
 .debug_ranges  0x00000620       0x80 Src/stm32f4xx_dcmi.o
 .debug_ranges  0x000006a0       0xa0 Src/stm32f4xx_dma.o
 .debug_ranges  0x00000740       0x48 Src/stm32f4xx_exti.o
 .debug_ranges  0x00000788       0xa0 Src/stm32f4xx_fsmc.o
 .debug_ranges  0x00000828       0x78 Src/stm32f4xx_gpio.o
 .debug_ranges  0x000008a0      0x110 Src/stm32f4xx_i2c.o
 .debug_ranges  0x000009b0       0x68 Src/stm32f4xx_it.o
 .debug_ranges  0x00000a18      0x168 Src/stm32f4xx_rcc.o
 .debug_ranges  0x00000b80       0xf8 Src/stm32f4xx_sdio.o
 .debug_ranges  0x00000c78       0xd0 Src/stm32f4xx_spi.o
 .debug_ranges  0x00000d48       0x20 Src/system_stm32f4xx.o
 .debug_ranges  0x00000d68       0x20 startup/startup_stm32f407xx.o

.debug_macro    0x00000000    0x138cf
 .debug_macro   0x00000000      0x284 Src/bmp.o
 .debug_macro   0x00000284      0xa60 Src/bmp.o
 .debug_macro   0x00000ce4       0x22 Src/bmp.o
 .debug_macro   0x00000d06       0x58 Src/bmp.o
 .debug_macro   0x00000d5e       0x18 Src/bmp.o
 .debug_macro   0x00000d76       0x94 Src/bmp.o
 .debug_macro   0x00000e0a       0x35 Src/bmp.o
 .debug_macro   0x00000e3f       0x34 Src/bmp.o
 .debug_macro   0x00000e73       0x16 Src/bmp.o
 .debug_macro   0x00000e89       0x57 Src/bmp.o
 .debug_macro   0x00000ee0       0x97 Src/bmp.o
 .debug_macro   0x00000f77      0x330 Src/bmp.o
 .debug_macro   0x000012a7       0xfd Src/bmp.o
 .debug_macro   0x000013a4       0x10 Src/bmp.o
 .debug_macro   0x000013b4       0x58 Src/bmp.o
 .debug_macro   0x0000140c       0x1f Src/bmp.o
 .debug_macro   0x0000142b       0x43 Src/bmp.o
 .debug_macro   0x0000146e       0x20 Src/bmp.o
 .debug_macro   0x0000148e      0x18e Src/bmp.o
 .debug_macro   0x0000161c       0x10 Src/bmp.o
 .debug_macro   0x0000162c       0x6a Src/bmp.o
 .debug_macro   0x00001696       0x1c Src/bmp.o
 .debug_macro   0x000016b2       0x52 Src/bmp.o
 .debug_macro   0x00001704       0x40 Src/bmp.o
 .debug_macro   0x00001744       0x10 Src/bmp.o
 .debug_macro   0x00001754       0x40 Src/bmp.o
 .debug_macro   0x00001794       0xd7 Src/bmp.o
 .debug_macro   0x0000186b       0x1c Src/bmp.o
 .debug_macro   0x00001887       0x3d Src/bmp.o
 .debug_macro   0x000018c4       0x16 Src/bmp.o
 .debug_macro   0x000018da      0x16f Src/bmp.o
 .debug_macro   0x00001a49       0x16 Src/bmp.o
 .debug_macro   0x00001a5f       0x35 Src/bmp.o
 .debug_macro   0x00001a94       0x63 Src/bmp.o
 .debug_macro   0x00001af7       0x35 Src/bmp.o
 .debug_macro   0x00001b2c       0xef Src/bmp.o
 .debug_macro   0x00001c1b      0x1df Src/bmp.o
 .debug_macro   0x00001dfa       0x18 Src/bmp.o
 .debug_macro   0x00001e12       0x42 Src/bmp.o
 .debug_macro   0x00001e54      0x8cb Src/bmp.o
 .debug_macro   0x0000271f     0x808f Src/bmp.o
 .debug_macro   0x0000a7ae       0x10 Src/bmp.o
 .debug_macro   0x0000a7be      0x2da Src/bmp.o
 .debug_macro   0x0000aa98       0x91 Src/bmp.o
 .debug_macro   0x0000ab29      0x11b Src/bmp.o
 .debug_macro   0x0000ac44       0xe1 Src/bmp.o
 .debug_macro   0x0000ad25      0x110 Src/dcmi_ov9655.o
 .debug_macro   0x0000ae35       0x8e Src/dcmi_ov9655.o
 .debug_macro   0x0000aec3       0x51 Src/dcmi_ov9655.o
 .debug_macro   0x0000af14      0x265 Src/dcmi_ov9655.o
 .debug_macro   0x0000b179      0x58f Src/dcmi_ov9655.o
 .debug_macro   0x0000b708      0x2b3 Src/dcmi_ov9655.o
 .debug_macro   0x0000b9bb      0x53d Src/dcmi_ov9655.o
 .debug_macro   0x0000bef8      0x145 Src/diskio.o
 .debug_macro   0x0000c03d       0x10 Src/diskio.o
 .debug_macro   0x0000c04d       0x7c Src/diskio.o
 .debug_macro   0x0000c0c9       0x82 Src/diskio.o
 .debug_macro   0x0000c14b      0x221 Src/diskio.o
 .debug_macro   0x0000c36c       0xae Src/diskio.o
 .debug_macro   0x0000c41a      0x477 Src/diskio.o
 .debug_macro   0x0000c891      0x224 Src/diskio.o
 .debug_macro   0x0000cab5      0x1ee Src/diskio.o
 .debug_macro   0x0000cca3      0x2f0 Src/ff.o
 .debug_macro   0x0000cf93       0x73 Src/fonts.o
 .debug_macro   0x0000d006      0x18e Src/main.o
 .debug_macro   0x0000d194      0x2c6 Src/main.o
 .debug_macro   0x0000d45a       0x10 Src/main.o
 .debug_macro   0x0000d46a      0x595 Src/main.o
 .debug_macro   0x0000d9ff      0x149 Src/main.o
 .debug_macro   0x0000db48       0x82 Src/main.o
 .debug_macro   0x0000dbca      0x1b5 Src/misc.o
 .debug_macro   0x0000dd7f       0x16 Src/misc.o
 .debug_macro   0x0000dd95      0x455 Src/misc.o
 .debug_macro   0x0000e1ea      0x3cf Src/misc.o
 .debug_macro   0x0000e5b9      0x111 Src/misc.o
 .debug_macro   0x0000e6ca      0x188 Src/misc.o
 .debug_macro   0x0000e852       0xb2 Src/misc.o
 .debug_macro   0x0000e904      0x242 Src/misc.o
 .debug_macro   0x0000eb46      0x279 Src/misc.o
 .debug_macro   0x0000edbf       0xb5 Src/misc.o
 .debug_macro   0x0000ee74       0x64 Src/misc.o
 .debug_macro   0x0000eed8       0xa7 Src/misc.o
 .debug_macro   0x0000ef7f       0x40 Src/misc.o
 .debug_macro   0x0000efbf      0x57b Src/misc.o
 .debug_macro   0x0000f53a      0x342 Src/misc.o
 .debug_macro   0x0000f87c      0x36c Src/misc.o
 .debug_macro   0x0000fbe8      0x73b Src/misc.o
 .debug_macro   0x00010323       0x34 Src/misc.o
 .debug_macro   0x00010357      0x102 Src/stm32f4_discovery.o
 .debug_macro   0x00010459      0x159 Src/stm32f4_discovery_lcd.o
 .debug_macro   0x000105b2       0xe7 Src/stm32f4_discovery_lis302dl.o
 .debug_macro   0x00010699      0x2c0 Src/stm32f4_discovery_lis302dl.o
 .debug_macro   0x00010959      0x253 Src/stm32f4_discovery_sdio_sd.o
 .debug_macro   0x00010bac      0x1b3 Src/stm32f4xx_dcmi.o
 .debug_macro   0x00010d5f      0x143 Src/stm32f4xx_dcmi.o
 .debug_macro   0x00010ea2      0x207 Src/stm32f4xx_dma.o
 .debug_macro   0x000110a9      0x471 Src/stm32f4xx_dma.o
 .debug_macro   0x0001151a      0x1b5 Src/stm32f4xx_exti.o
 .debug_macro   0x000116cf       0xa8 Src/stm32f4xx_exti.o
 .debug_macro   0x00011777      0x1e3 Src/stm32f4xx_fsmc.o
 .debug_macro   0x0001195a      0x273 Src/stm32f4xx_fsmc.o
 .debug_macro   0x00011bcd      0x1b3 Src/stm32f4xx_gpio.o
 .debug_macro   0x00011d80      0x25f Src/stm32f4xx_gpio.o
 .debug_macro   0x00011fdf      0x1c5 Src/stm32f4xx_i2c.o
 .debug_macro   0x000121a4      0x2ad Src/stm32f4xx_i2c.o
 .debug_macro   0x00012451      0x11d Src/stm32f4xx_it.o
 .debug_macro   0x0001256e      0x258 Src/stm32f4xx_rcc.o
 .debug_macro   0x000127c6      0x537 Src/stm32f4xx_rcc.o
 .debug_macro   0x00012cfd      0x281 Src/stm32f4xx_sdio.o
 .debug_macro   0x00012f7e      0x33c Src/stm32f4xx_sdio.o
 .debug_macro   0x000132ba      0x1e0 Src/stm32f4xx_spi.o
 .debug_macro   0x0001349a      0x366 Src/stm32f4xx_spi.o
 .debug_macro   0x00013800       0xcf Src/system_stm32f4xx.o

.debug_line     0x00000000     0xbc0e
 .debug_line    0x00000000      0x758 Src/bmp.o
 .debug_line    0x00000758      0x8e3 Src/dcmi_ov9655.o
 .debug_line    0x0000103b      0x644 Src/diskio.o
 .debug_line    0x0000167f      0xf4c Src/ff.o
 .debug_line    0x000025cb      0x33f Src/fonts.o
 .debug_line    0x0000290a      0x76a Src/main.o
 .debug_line    0x00003074      0x759 Src/misc.o
 .debug_line    0x000037cd      0x6d5 Src/stm32f4_discovery.o
 .debug_line    0x00003ea2      0xba9 Src/stm32f4_discovery_lcd.o
 .debug_line    0x00004a4b      0x6c4 Src/stm32f4_discovery_lis302dl.o
 .debug_line    0x0000510f      0xd0b Src/stm32f4_discovery_sdio_sd.o
 .debug_line    0x00005e1a      0x849 Src/stm32f4xx_dcmi.o
 .debug_line    0x00006663      0x914 Src/stm32f4xx_dma.o
 .debug_line    0x00006f77      0x7af Src/stm32f4xx_exti.o
 .debug_line    0x00007726      0x982 Src/stm32f4xx_fsmc.o
 .debug_line    0x000080a8      0x83c Src/stm32f4xx_gpio.o
 .debug_line    0x000088e4      0x9ee Src/stm32f4xx_i2c.o
 .debug_line    0x000092d2      0x67a Src/stm32f4xx_it.o
 .debug_line    0x0000994c      0xabe Src/stm32f4xx_rcc.o
 .debug_line    0x0000a40a      0x944 Src/stm32f4xx_sdio.o
 .debug_line    0x0000ad4e      0x956 Src/stm32f4xx_spi.o
 .debug_line    0x0000b6a4      0x4eb Src/system_stm32f4xx.o
 .debug_line    0x0000bb8f       0x7f startup/startup_stm32f407xx.o

.debug_str      0x00000000    0x653e4
 .debug_str     0x00000000    0x3a454 Src/bmp.o
                              0x3a6ea (size before relaxing)
 .debug_str     0x0003a454     0x738b Src/dcmi_ov9655.o
                              0x3c64d (size before relaxing)
 .debug_str     0x000417df     0x6afc Src/diskio.o
                              0x4022b (size before relaxing)
 .debug_str     0x000482db      0x823 Src/ff.o
                              0x35ee4 (size before relaxing)
 .debug_str     0x00048afe       0x50 Src/fonts.o
                               0x3d43 (size before relaxing)
 .debug_str     0x00048b4e     0x23f7 Src/main.o
                              0x45300 (size before relaxing)
 .debug_str     0x0004af45    0x15e6f Src/misc.o
                              0x56920 (size before relaxing)
 .debug_str     0x00060db4      0x415 Src/stm32f4_discovery.o
                              0x41862 (size before relaxing)
 .debug_str     0x000611c9      0x72b Src/stm32f4_discovery_lcd.o
                              0x4128f (size before relaxing)
 .debug_str     0x000618f4      0x324 Src/stm32f4_discovery_lis302dl.o
                              0x3bea5 (size before relaxing)
 .debug_str     0x00061c18     0x117d Src/stm32f4_discovery_sdio_sd.o
                              0x42710 (size before relaxing)
 .debug_str     0x00062d95      0x247 Src/stm32f4xx_dcmi.o
                              0x56a01 (size before relaxing)
 .debug_str     0x00062fdc      0x4e6 Src/stm32f4xx_dma.o
                              0x56d86 (size before relaxing)
 .debug_str     0x000634c2       0xe6 Src/stm32f4xx_exti.o
                              0x568a3 (size before relaxing)
 .debug_str     0x000635a8      0x4c7 Src/stm32f4xx_fsmc.o
                              0x56de7 (size before relaxing)
 .debug_str     0x00063a6f      0x124 Src/stm32f4xx_gpio.o
                              0x569e2 (size before relaxing)
 .debug_str     0x00063b93      0x2f9 Src/stm32f4xx_i2c.o
                              0x56c1a (size before relaxing)
 .debug_str     0x00063e8c       0xd9 Src/stm32f4xx_it.o
                              0x3f21e (size before relaxing)
 .debug_str     0x00063f65      0x9ad Src/stm32f4xx_rcc.o
                              0x5724c (size before relaxing)
 .debug_str     0x00064912      0x6fa Src/stm32f4xx_sdio.o
                              0x570d0 (size before relaxing)
 .debug_str     0x0006500c      0x2ea Src/stm32f4xx_spi.o
                              0x56cba (size before relaxing)
 .debug_str     0x000652f6       0xbf Src/system_stm32f4xx.o
                              0x34af9 (size before relaxing)
 .debug_str     0x000653b5       0x2f startup/startup_stm32f407xx.o
                                 0xb3 (size before relaxing)

.comment        0x00000000       0x7f
 .comment       0x00000000       0x7f Src/bmp.o
                                 0x80 (size before relaxing)
 .comment       0x0000007f       0x80 Src/dcmi_ov9655.o
 .comment       0x0000007f       0x80 Src/diskio.o
 .comment       0x0000007f       0x80 Src/ff.o
 .comment       0x0000007f       0x80 Src/fonts.o
 .comment       0x0000007f       0x80 Src/main.o
 .comment       0x0000007f       0x80 Src/misc.o
 .comment       0x0000007f       0x80 Src/stm32f4_discovery.o
 .comment       0x0000007f       0x80 Src/stm32f4_discovery_lcd.o
 .comment       0x0000007f       0x80 Src/stm32f4_discovery_lis302dl.o
 .comment       0x0000007f       0x80 Src/stm32f4_discovery_sdio_sd.o
 .comment       0x0000007f       0x80 Src/stm32f4xx_dcmi.o
 .comment       0x0000007f       0x80 Src/stm32f4xx_dma.o
 .comment       0x0000007f       0x80 Src/stm32f4xx_exti.o
 .comment       0x0000007f       0x80 Src/stm32f4xx_fsmc.o
 .comment       0x0000007f       0x80 Src/stm32f4xx_gpio.o
 .comment       0x0000007f       0x80 Src/stm32f4xx_i2c.o
 .comment       0x0000007f       0x80 Src/stm32f4xx_it.o
 .comment       0x0000007f       0x80 Src/stm32f4xx_rcc.o
 .comment       0x0000007f       0x80 Src/stm32f4xx_sdio.o
 .comment       0x0000007f       0x80 Src/stm32f4xx_spi.o
 .comment       0x0000007f       0x80 Src/system_stm32f4xx.o

.debug_frame    0x00000000     0x27b8
 .debug_frame   0x00000000       0x98 Src/bmp.o
 .debug_frame   0x00000098      0x160 Src/dcmi_ov9655.o
 .debug_frame   0x000001f8       0x8c Src/diskio.o
 .debug_frame   0x00000284      0x508 Src/ff.o
 .debug_frame   0x0000078c      0x104 Src/main.o
 .debug_frame   0x00000890       0x60 Src/misc.o
 .debug_frame   0x000008f0      0x148 Src/stm32f4_discovery.o
 .debug_frame   0x00000a38      0x470 Src/stm32f4_discovery_lcd.o
 .debug_frame   0x00000ea8      0x184 Src/stm32f4_discovery_lis302dl.o
 .debug_frame   0x0000102c      0x3e4 Src/stm32f4_discovery_sdio_sd.o
 .debug_frame   0x00001410      0x110 Src/stm32f4xx_dcmi.o
 .debug_frame   0x00001520      0x158 Src/stm32f4xx_dma.o
 .debug_frame   0x00001678       0xa0 Src/stm32f4xx_exti.o
 .debug_frame   0x00001718      0x168 Src/stm32f4xx_fsmc.o
 .debug_frame   0x00001880      0x120 Src/stm32f4xx_gpio.o
 .debug_frame   0x000019a0      0x254 Src/stm32f4xx_i2c.o
 .debug_frame   0x00001bf4       0xf0 Src/stm32f4xx_it.o
 .debug_frame   0x00001ce4      0x2ec Src/stm32f4xx_rcc.o
 .debug_frame   0x00001fd0      0x224 Src/stm32f4xx_sdio.o
 .debug_frame   0x000021f4      0x1e0 Src/stm32f4xx_spi.o
 .debug_frame   0x000023d4       0x54 Src/system_stm32f4xx.o
 .debug_frame   0x00002428       0x2c c:/ac6/systemworkbench/plugins/fr.ac6.mcu.externaltools.arm-none.win32_1.17.0.201812190825/tools/compiler/bin/../lib/gcc/arm-none-eabi/7.3.1/../../../../arm-none-eabi/lib/thumb/v7e-m/fpv4-sp/hard\libc_nano.a(lib_a-init.o)
 .debug_frame   0x00002454       0x20 c:/ac6/systemworkbench/plugins/fr.ac6.mcu.externaltools.arm-none.win32_1.17.0.201812190825/tools/compiler/bin/../lib/gcc/arm-none-eabi/7.3.1/../../../../arm-none-eabi/lib/thumb/v7e-m/fpv4-sp/hard\libc_nano.a(lib_a-memset.o)
 .debug_frame   0x00002474       0x6c c:/ac6/systemworkbench/plugins/fr.ac6.mcu.externaltools.arm-none.win32_1.17.0.201812190825/tools/compiler/bin/../lib/gcc/arm-none-eabi/7.3.1/../../../../arm-none-eabi/lib/thumb/v7e-m/fpv4-sp/hard\libc_nano.a(lib_a-sprintf.o)
 .debug_frame   0x000024e0       0x90 c:/ac6/systemworkbench/plugins/fr.ac6.mcu.externaltools.arm-none.win32_1.17.0.201812190825/tools/compiler/bin/../lib/gcc/arm-none-eabi/7.3.1/../../../../arm-none-eabi/lib/thumb/v7e-m/fpv4-sp/hard\libc_nano.a(lib_a-nano-svfprintf.o)
 .debug_frame   0x00002570       0x60 c:/ac6/systemworkbench/plugins/fr.ac6.mcu.externaltools.arm-none.win32_1.17.0.201812190825/tools/compiler/bin/../lib/gcc/arm-none-eabi/7.3.1/../../../../arm-none-eabi/lib/thumb/v7e-m/fpv4-sp/hard\libc_nano.a(lib_a-nano-vfprintf_i.o)
 .debug_frame   0x000025d0       0x28 c:/ac6/systemworkbench/plugins/fr.ac6.mcu.externaltools.arm-none.win32_1.17.0.201812190825/tools/compiler/bin/../lib/gcc/arm-none-eabi/7.3.1/../../../../arm-none-eabi/lib/thumb/v7e-m/fpv4-sp/hard\libc_nano.a(lib_a-memcpy-stub.o)
 .debug_frame   0x000025f8       0x28 c:/ac6/systemworkbench/plugins/fr.ac6.mcu.externaltools.arm-none.win32_1.17.0.201812190825/tools/compiler/bin/../lib/gcc/arm-none-eabi/7.3.1/../../../../arm-none-eabi/lib/thumb/v7e-m/fpv4-sp/hard\libc_nano.a(lib_a-memmove.o)
 .debug_frame   0x00002620       0x38 c:/ac6/systemworkbench/plugins/fr.ac6.mcu.externaltools.arm-none.win32_1.17.0.201812190825/tools/compiler/bin/../lib/gcc/arm-none-eabi/7.3.1/../../../../arm-none-eabi/lib/thumb/v7e-m/fpv4-sp/hard\libc_nano.a(lib_a-nano-freer.o)
 .debug_frame   0x00002658       0x2c c:/ac6/systemworkbench/plugins/fr.ac6.mcu.externaltools.arm-none.win32_1.17.0.201812190825/tools/compiler/bin/../lib/gcc/arm-none-eabi/7.3.1/../../../../arm-none-eabi/lib/thumb/v7e-m/fpv4-sp/hard\libc_nano.a(lib_a-nano-mallocr.o)
 .debug_frame   0x00002684       0x3c c:/ac6/systemworkbench/plugins/fr.ac6.mcu.externaltools.arm-none.win32_1.17.0.201812190825/tools/compiler/bin/../lib/gcc/arm-none-eabi/7.3.1/../../../../arm-none-eabi/lib/thumb/v7e-m/fpv4-sp/hard\libc_nano.a(lib_a-nano-reallocr.o)
 .debug_frame   0x000026c0       0x2c c:/ac6/systemworkbench/plugins/fr.ac6.mcu.externaltools.arm-none.win32_1.17.0.201812190825/tools/compiler/bin/../lib/gcc/arm-none-eabi/7.3.1/../../../../arm-none-eabi/lib/thumb/v7e-m/fpv4-sp/hard\libc_nano.a(lib_a-sbrkr.o)
 .debug_frame   0x000026ec       0x30 c:/ac6/systemworkbench/plugins/fr.ac6.mcu.externaltools.arm-none.win32_1.17.0.201812190825/tools/compiler/bin/../lib/gcc/arm-none-eabi/7.3.1/../../../../arm-none-eabi/lib/thumb/v7e-m/fpv4-sp/hard\libc_nano.a(lib_a-mlock.o)
 .debug_frame   0x0000271c       0x20 c:/ac6/systemworkbench/plugins/fr.ac6.mcu.externaltools.arm-none.win32_1.17.0.201812190825/tools/compiler/bin/../lib/gcc/arm-none-eabi/7.3.1/../../../../arm-none-eabi/lib/thumb/v7e-m/fpv4-sp/hard\libc_nano.a(lib_a-nano-msizer.o)
 .debug_frame   0x0000273c       0x5c c:/ac6/systemworkbench/plugins/fr.ac6.mcu.externaltools.arm-none.win32_1.17.0.201812190825/tools/compiler/bin/../lib/gcc/arm-none-eabi/7.3.1/../../../../arm-none-eabi/lib/thumb/v7e-m/fpv4-sp/hard\libc_nano.a(lib_a-reent.o)
 .debug_frame   0x00002798       0x20 c:/ac6/systemworkbench/plugins/fr.ac6.mcu.externaltools.arm-none.win32_1.17.0.201812190825/tools/compiler/bin/../lib/gcc/arm-none-eabi/7.3.1/../../../../arm-none-eabi/lib/thumb/v7e-m/fpv4-sp/hard\libnosys.a(sbrk.o)
